# HELP redfish_gpu_nvlink_bit_error_rate NVLink bit error rate
# TYPE redfish_gpu_nvlink_bit_error_rate gauge
redfish_gpu_nvlink_bit_error_rate{gpu_id="GPU_0",port_id="NVLink_0",port_protocol="NVLink",port_type="BidirectionalPort",system_id="HGX_Baseboard_0"} 1.5e-254
redfish_gpu_nvlink_bit_error_rate{gpu_id="GPU_0",port_id="NVLink_1",port_protocol="NVLink",port_type="BidirectionalPort",system_id="HGX_Baseboard_0"} 1.5e-254
redfish_gpu_nvlink_bit_error_rate{gpu_id="GPU_0",port_id="NVLink_10",port_protocol="NVLink",port_type="BidirectionalPort",system_id="HGX_Baseboard_0"} 1.5e-254
redfish_gpu_nvlink_bit_error_rate{gpu_id="GPU_0",port_id="NVLink_11",port_protocol="NVLink",port_type="BidirectionalPort",system_id="HGX_Baseboard_0"} 1.5e-254
redfish_gpu_nvlink_bit_error_rate{gpu_id="GPU_0",port_id="NVLink_12",port_protocol="NVLink",port_type="BidirectionalPort",system_id="HGX_Baseboard_0"} 1.5e-254
redfish_gpu_nvlink_bit_error_rate{gpu_id="GPU_0",port_id="NVLink_13",port_protocol="NVLink",port_type="BidirectionalPort",system_id="HGX_Baseboard_0"} 1.5e-254
redfish_gpu_nvlink_bit_error_rate{gpu_id="GPU_0",port_id="NVLink_14",port_protocol="NVLink",port_type="BidirectionalPort",system_id="HGX_Baseboard_0"} 1.5e-254
redfish_gpu_nvlink_bit_error_rate{gpu_id="GPU_0",port_id="NVLink_15",port_protocol="NVLink",port_type="BidirectionalPort",system_id="HGX_Baseboard_0"} 1.5e-254
redfish_gpu_nvlink_bit_error_rate{gpu_id="GPU_0",port_id="NVLink_16",port_protocol="NVLink",port_type="BidirectionalPort",system_id="HGX_Baseboard_0"} 1.5e-254
redfish_gpu_nvlink_bit_error_rate{gpu_id="GPU_0",port_id="NVLink_17",port_protocol="NVLink",port_type="BidirectionalPort",system_id="HGX_Baseboard_0"} 1.5e-254
redfish_gpu_nvlink_bit_error_rate{gpu_id="GPU_0",port_id="NVLink_2",port_protocol="NVLink",port_type="BidirectionalPort",system_id="HGX_Baseboard_0"} 1.5e-254
redfish_gpu_nvlink_bit_error_rate{gpu_id="GPU_0",port_id="NVLink_3",port_protocol="NVLink",port_type="BidirectionalPort",system_id="HGX_Baseboard_0"} 1.5e-254
redfish_gpu_nvlink_bit_error_rate{gpu_id="GPU_0",port_id="NVLink_4",port_protocol="NVLink",port_type="BidirectionalPort",system_id="HGX_Baseboard_0"} 1.5e-254
redfish_gpu_nvlink_bit_error_rate{gpu_id="GPU_0",port_id="NVLink_5",port_protocol="NVLink",port_type="BidirectionalPort",system_id="HGX_Baseboard_0"} 1.5e-254
redfish_gpu_nvlink_bit_error_rate{gpu_id="GPU_0",port_id="NVLink_6",port_protocol="NVLink",port_type="BidirectionalPort",system_id="HGX_Baseboard_0"} 1.5e-254
redfish_gpu_nvlink_bit_error_rate{gpu_id="GPU_0",port_id="NVLink_7",port_protocol="NVLink",port_type="BidirectionalPort",system_id="HGX_Baseboard_0"} 1.5e-254
redfish_gpu_nvlink_bit_error_rate{gpu_id="GPU_0",port_id="NVLink_8",port_protocol="NVLink",port_type="BidirectionalPort",system_id="HGX_Baseboard_0"} 1.5e-254
redfish_gpu_nvlink_bit_error_rate{gpu_id="GPU_0",port_id="NVLink_9",port_protocol="NVLink",port_type="BidirectionalPort",system_id="HGX_Baseboard_0"} 1.5e-254
redfish_gpu_nvlink_bit_error_rate{gpu_id="GPU_1",port_id="NVLink_0",port_protocol="NVLink",port_type="BidirectionalPort",system_id="HGX_Baseboard_0"} 1.5e-254
redfish_gpu_nvlink_bit_error_rate{gpu_id="GPU_1",port_id="NVLink_1",port_protocol="NVLink",port_type="BidirectionalPort",system_id="HGX_Baseboard_0"} 1.5e-254
redfish_gpu_nvlink_bit_error_rate{gpu_id="GPU_1",port_id="NVLink_10",port_protocol="NVLink",port_type="BidirectionalPort",system_id="HGX_Baseboard_0"} 1.5e-254
redfish_gpu_nvlink_bit_error_rate{gpu_id="GPU_1",port_id="NVLink_11",port_protocol="NVLink",port_type="BidirectionalPort",system_id="HGX_Baseboard_0"} 1.5e-254
redfish_gpu_nvlink_bit_error_rate{gpu_id="GPU_1",port_id="NVLink_12",port_protocol="NVLink",port_type="BidirectionalPort",system_id="HGX_Baseboard_0"} 1.5e-254
redfish_gpu_nvlink_bit_error_rate{gpu_id="GPU_1",port_id="NVLink_13",port_protocol="NVLink",port_type="BidirectionalPort",system_id="HGX_Baseboard_0"} 1.5e-254
redfish_gpu_nvlink_bit_error_rate{gpu_id="GPU_1",port_id="NVLink_14",port_protocol="NVLink",port_type="BidirectionalPort",system_id="HGX_Baseboard_0"} 1.5e-254
redfish_gpu_nvlink_bit_error_rate{gpu_id="GPU_1",port_id="NVLink_15",port_protocol="NVLink",port_type="BidirectionalPort",system_id="HGX_Baseboard_0"} 1.5e-254
redfish_gpu_nvlink_bit_error_rate{gpu_id="GPU_1",port_id="NVLink_16",port_protocol="NVLink",port_type="BidirectionalPort",system_id="HGX_Baseboard_0"} 1.5e-254
redfish_gpu_nvlink_bit_error_rate{gpu_id="GPU_1",port_id="NVLink_17",port_protocol="NVLink",port_type="BidirectionalPort",system_id="HGX_Baseboard_0"} 1.5e-254
redfish_gpu_nvlink_bit_error_rate{gpu_id="GPU_1",port_id="NVLink_2",port_protocol="NVLink",port_type="BidirectionalPort",system_id="HGX_Baseboard_0"} 1.5e-254
redfish_gpu_nvlink_bit_error_rate{gpu_id="GPU_1",port_id="NVLink_3",port_protocol="NVLink",port_type="BidirectionalPort",system_id="HGX_Baseboard_0"} 1.5e-254
redfish_gpu_nvlink_bit_error_rate{gpu_id="GPU_1",port_id="NVLink_4",port_protocol="NVLink",port_type="BidirectionalPort",system_id="HGX_Baseboard_0"} 1.5e-254
redfish_gpu_nvlink_bit_error_rate{gpu_id="GPU_1",port_id="NVLink_5",port_protocol="NVLink",port_type="BidirectionalPort",system_id="HGX_Baseboard_0"} 1.5e-254
redfish_gpu_nvlink_bit_error_rate{gpu_id="GPU_1",port_id="NVLink_6",port_protocol="NVLink",port_type="BidirectionalPort",system_id="HGX_Baseboard_0"} 1.5e-254
redfish_gpu_nvlink_bit_error_rate{gpu_id="GPU_1",port_id="NVLink_7",port_protocol="NVLink",port_type="BidirectionalPort",system_id="HGX_Baseboard_0"} 1.5e-254
redfish_gpu_nvlink_bit_error_rate{gpu_id="GPU_1",port_id="NVLink_8",port_protocol="NVLink",port_type="BidirectionalPort",system_id="HGX_Baseboard_0"} 1.5e-254
redfish_gpu_nvlink_bit_error_rate{gpu_id="GPU_1",port_id="NVLink_9",port_protocol="NVLink",port_type="BidirectionalPort",system_id="HGX_Baseboard_0"} 1.5e-254
redfish_gpu_nvlink_bit_error_rate{gpu_id="GPU_2",port_id="NVLink_0",port_protocol="NVLink",port_type="BidirectionalPort",system_id="HGX_Baseboard_0"} 1.5e-254
redfish_gpu_nvlink_bit_error_rate{gpu_id="GPU_2",port_id="NVLink_1",port_protocol="NVLink",port_type="BidirectionalPort",system_id="HGX_Baseboard_0"} 1.5e-254
redfish_gpu_nvlink_bit_error_rate{gpu_id="GPU_2",port_id="NVLink_10",port_protocol="NVLink",port_type="BidirectionalPort",system_id="HGX_Baseboard_0"} 1.5e-254
redfish_gpu_nvlink_bit_error_rate{gpu_id="GPU_2",port_id="NVLink_11",port_protocol="NVLink",port_type="BidirectionalPort",system_id="HGX_Baseboard_0"} 1.5e-254
redfish_gpu_nvlink_bit_error_rate{gpu_id="GPU_2",port_id="NVLink_12",port_protocol="NVLink",port_type="BidirectionalPort",system_id="HGX_Baseboard_0"} 1.5e-254
redfish_gpu_nvlink_bit_error_rate{gpu_id="GPU_2",port_id="NVLink_13",port_protocol="NVLink",port_type="BidirectionalPort",system_id="HGX_Baseboard_0"} 1.5e-254
redfish_gpu_nvlink_bit_error_rate{gpu_id="GPU_2",port_id="NVLink_14",port_protocol="NVLink",port_type="BidirectionalPort",system_id="HGX_Baseboard_0"} 1.5e-254
redfish_gpu_nvlink_bit_error_rate{gpu_id="GPU_2",port_id="NVLink_15",port_protocol="NVLink",port_type="BidirectionalPort",system_id="HGX_Baseboard_0"} 1.5e-254
redfish_gpu_nvlink_bit_error_rate{gpu_id="GPU_2",port_id="NVLink_16",port_protocol="NVLink",port_type="BidirectionalPort",system_id="HGX_Baseboard_0"} 1.5e-254
redfish_gpu_nvlink_bit_error_rate{gpu_id="GPU_2",port_id="NVLink_17",port_protocol="NVLink",port_type="BidirectionalPort",system_id="HGX_Baseboard_0"} 1.5e-254
redfish_gpu_nvlink_bit_error_rate{gpu_id="GPU_2",port_id="NVLink_2",port_protocol="NVLink",port_type="BidirectionalPort",system_id="HGX_Baseboard_0"} 1.5e-254
redfish_gpu_nvlink_bit_error_rate{gpu_id="GPU_2",port_id="NVLink_3",port_protocol="NVLink",port_type="BidirectionalPort",system_id="HGX_Baseboard_0"} 1.5e-254
redfish_gpu_nvlink_bit_error_rate{gpu_id="GPU_2",port_id="NVLink_4",port_protocol="NVLink",port_type="BidirectionalPort",system_id="HGX_Baseboard_0"} 1.5e-254
redfish_gpu_nvlink_bit_error_rate{gpu_id="GPU_2",port_id="NVLink_5",port_protocol="NVLink",port_type="BidirectionalPort",system_id="HGX_Baseboard_0"} 1.5e-254
redfish_gpu_nvlink_bit_error_rate{gpu_id="GPU_2",port_id="NVLink_6",port_protocol="NVLink",port_type="BidirectionalPort",system_id="HGX_Baseboard_0"} 1.5e-254
redfish_gpu_nvlink_bit_error_rate{gpu_id="GPU_2",port_id="NVLink_7",port_protocol="NVLink",port_type="BidirectionalPort",system_id="HGX_Baseboard_0"} 1.5e-254
redfish_gpu_nvlink_bit_error_rate{gpu_id="GPU_2",port_id="NVLink_8",port_protocol="NVLink",port_type="BidirectionalPort",system_id="HGX_Baseboard_0"} 1.5e-254
redfish_gpu_nvlink_bit_error_rate{gpu_id="GPU_2",port_id="NVLink_9",port_protocol="NVLink",port_type="BidirectionalPort",system_id="HGX_Baseboard_0"} 1.5e-254
redfish_gpu_nvlink_bit_error_rate{gpu_id="GPU_3",port_id="NVLink_0",port_protocol="NVLink",port_type="BidirectionalPort",system_id="HGX_Baseboard_0"} 1.5e-254
redfish_gpu_nvlink_bit_error_rate{gpu_id="GPU_3",port_id="NVLink_1",port_protocol="NVLink",port_type="BidirectionalPort",system_id="HGX_Baseboard_0"} 1.5e-254
redfish_gpu_nvlink_bit_error_rate{gpu_id="GPU_3",port_id="NVLink_10",port_protocol="NVLink",port_type="BidirectionalPort",system_id="HGX_Baseboard_0"} 1.5e-254
redfish_gpu_nvlink_bit_error_rate{gpu_id="GPU_3",port_id="NVLink_11",port_protocol="NVLink",port_type="BidirectionalPort",system_id="HGX_Baseboard_0"} 1.5e-254
redfish_gpu_nvlink_bit_error_rate{gpu_id="GPU_3",port_id="NVLink_12",port_protocol="NVLink",port_type="BidirectionalPort",system_id="HGX_Baseboard_0"} 1.5e-254
redfish_gpu_nvlink_bit_error_rate{gpu_id="GPU_3",port_id="NVLink_13",port_protocol="NVLink",port_type="BidirectionalPort",system_id="HGX_Baseboard_0"} 1.5e-254
redfish_gpu_nvlink_bit_error_rate{gpu_id="GPU_3",port_id="NVLink_14",port_protocol="NVLink",port_type="BidirectionalPort",system_id="HGX_Baseboard_0"} 1.5e-254
redfish_gpu_nvlink_bit_error_rate{gpu_id="GPU_3",port_id="NVLink_15",port_protocol="NVLink",port_type="BidirectionalPort",system_id="HGX_Baseboard_0"} 1.5e-254
redfish_gpu_nvlink_bit_error_rate{gpu_id="GPU_3",port_id="NVLink_16",port_protocol="NVLink",port_type="BidirectionalPort",system_id="HGX_Baseboard_0"} 1.5e-254
redfish_gpu_nvlink_bit_error_rate{gpu_id="GPU_3",port_id="NVLink_17",port_protocol="NVLink",port_type="BidirectionalPort",system_id="HGX_Baseboard_0"} 1.5e-254
redfish_gpu_nvlink_bit_error_rate{gpu_id="GPU_3",port_id="NVLink_2",port_protocol="NVLink",port_type="BidirectionalPort",system_id="HGX_Baseboard_0"} 1.5e-254
redfish_gpu_nvlink_bit_error_rate{gpu_id="GPU_3",port_id="NVLink_3",port_protocol="NVLink",port_type="BidirectionalPort",system_id="HGX_Baseboard_0"} 1.5e-254
redfish_gpu_nvlink_bit_error_rate{gpu_id="GPU_3",port_id="NVLink_4",port_protocol="NVLink",port_type="BidirectionalPort",system_id="HGX_Baseboard_0"} 1.5e-254
redfish_gpu_nvlink_bit_error_rate{gpu_id="GPU_3",port_id="NVLink_5",port_protocol="NVLink",port_type="BidirectionalPort",system_id="HGX_Baseboard_0"} 1.5e-254
redfish_gpu_nvlink_bit_error_rate{gpu_id="GPU_3",port_id="NVLink_6",port_protocol="NVLink",port_type="BidirectionalPort",system_id="HGX_Baseboard_0"} 1.5e-254
redfish_gpu_nvlink_bit_error_rate{gpu_id="GPU_3",port_id="NVLink_7",port_protocol="NVLink",port_type="BidirectionalPort",system_id="HGX_Baseboard_0"} 1.5e-254
redfish_gpu_nvlink_bit_error_rate{gpu_id="GPU_3",port_id="NVLink_8",port_protocol="NVLink",port_type="BidirectionalPort",system_id="HGX_Baseboard_0"} 1.5e-254
redfish_gpu_nvlink_bit_error_rate{gpu_id="GPU_3",port_id="NVLink_9",port_protocol="NVLink",port_type="BidirectionalPort",system_id="HGX_Baseboard_0"} 1.5e-254
# HELP redfish_gpu_nvlink_health NVLink port health,1(OK),2(Warning),3(Critical)
# TYPE redfish_gpu_nvlink_health gauge
redfish_gpu_nvlink_health{gpu_id="GPU_0",port_id="NVLink_0",port_protocol="NVLink",port_type="BidirectionalPort",system_id="HGX_Baseboard_0"} 1
redfish_gpu_nvlink_health{gpu_id="GPU_0",port_id="NVLink_1",port_protocol="NVLink",port_type="BidirectionalPort",system_id="HGX_Baseboard_0"} 1
redfish_gpu_nvlink_health{gpu_id="GPU_0",port_id="NVLink_10",port_protocol="NVLink",port_type="BidirectionalPort",system_id="HGX_Baseboard_0"} 1
redfish_gpu_nvlink_health{gpu_id="GPU_0",port_id="NVLink_11",port_protocol="NVLink",port_type="BidirectionalPort",system_id="HGX_Baseboard_0"} 1
redfish_gpu_nvlink_health{gpu_id="GPU_0",port_id="NVLink_12",port_protocol="NVLink",port_type="BidirectionalPort",system_id="HGX_Baseboard_0"} 1
redfish_gpu_nvlink_health{gpu_id="GPU_0",port_id="NVLink_13",port_protocol="NVLink",port_type="BidirectionalPort",system_id="HGX_Baseboard_0"} 1
redfish_gpu_nvlink_health{gpu_id="GPU_0",port_id="NVLink_14",port_protocol="NVLink",port_type="BidirectionalPort",system_id="HGX_Baseboard_0"} 1
redfish_gpu_nvlink_health{gpu_id="GPU_0",port_id="NVLink_15",port_protocol="NVLink",port_type="BidirectionalPort",system_id="HGX_Baseboard_0"} 1
redfish_gpu_nvlink_health{gpu_id="GPU_0",port_id="NVLink_16",port_protocol="NVLink",port_type="BidirectionalPort",system_id="HGX_Baseboard_0"} 1
redfish_gpu_nvlink_health{gpu_id="GPU_0",port_id="NVLink_17",port_protocol="NVLink",port_type="BidirectionalPort",system_id="HGX_Baseboard_0"} 1
redfish_gpu_nvlink_health{gpu_id="GPU_0",port_id="NVLink_2",port_protocol="NVLink",port_type="BidirectionalPort",system_id="HGX_Baseboard_0"} 1
redfish_gpu_nvlink_health{gpu_id="GPU_0",port_id="NVLink_3",port_protocol="NVLink",port_type="BidirectionalPort",system_id="HGX_Baseboard_0"} 1
redfish_gpu_nvlink_health{gpu_id="GPU_0",port_id="NVLink_4",port_protocol="NVLink",port_type="BidirectionalPort",system_id="HGX_Baseboard_0"} 1
redfish_gpu_nvlink_health{gpu_id="GPU_0",port_id="NVLink_5",port_protocol="NVLink",port_type="BidirectionalPort",system_id="HGX_Baseboard_0"} 1
redfish_gpu_nvlink_health{gpu_id="GPU_0",port_id="NVLink_6",port_protocol="NVLink",port_type="BidirectionalPort",system_id="HGX_Baseboard_0"} 1
redfish_gpu_nvlink_health{gpu_id="GPU_0",port_id="NVLink_7",port_protocol="NVLink",port_type="BidirectionalPort",system_id="HGX_Baseboard_0"} 1
redfish_gpu_nvlink_health{gpu_id="GPU_0",port_id="NVLink_8",port_protocol="NVLink",port_type="BidirectionalPort",system_id="HGX_Baseboard_0"} 1
redfish_gpu_nvlink_health{gpu_id="GPU_0",port_id="NVLink_9",port_protocol="NVLink",port_type="BidirectionalPort",system_id="HGX_Baseboard_0"} 1
redfish_gpu_nvlink_health{gpu_id="GPU_1",port_id="NVLink_0",port_protocol="NVLink",port_type="BidirectionalPort",system_id="HGX_Baseboard_0"} 1
redfish_gpu_nvlink_health{gpu_id="GPU_1",port_id="NVLink_1",port_protocol="NVLink",port_type="BidirectionalPort",system_id="HGX_Baseboard_0"} 1
redfish_gpu_nvlink_health{gpu_id="GPU_1",port_id="NVLink_10",port_protocol="NVLink",port_type="BidirectionalPort",system_id="HGX_Baseboard_0"} 1
redfish_gpu_nvlink_health{gpu_id="GPU_1",port_id="NVLink_11",port_protocol="NVLink",port_type="BidirectionalPort",system_id="HGX_Baseboard_0"} 1
redfish_gpu_nvlink_health{gpu_id="GPU_1",port_id="NVLink_12",port_protocol="NVLink",port_type="BidirectionalPort",system_id="HGX_Baseboard_0"} 1
redfish_gpu_nvlink_health{gpu_id="GPU_1",port_id="NVLink_13",port_protocol="NVLink",port_type="BidirectionalPort",system_id="HGX_Baseboard_0"} 1
redfish_gpu_nvlink_health{gpu_id="GPU_1",port_id="NVLink_14",port_protocol="NVLink",port_type="BidirectionalPort",system_id="HGX_Baseboard_0"} 1
redfish_gpu_nvlink_health{gpu_id="GPU_1",port_id="NVLink_15",port_protocol="NVLink",port_type="BidirectionalPort",system_id="HGX_Baseboard_0"} 1
redfish_gpu_nvlink_health{gpu_id="GPU_1",port_id="NVLink_16",port_protocol="NVLink",port_type="BidirectionalPort",system_id="HGX_Baseboard_0"} 1
redfish_gpu_nvlink_health{gpu_id="GPU_1",port_id="NVLink_17",port_protocol="NVLink",port_type="BidirectionalPort",system_id="HGX_Baseboard_0"} 1
redfish_gpu_nvlink_health{gpu_id="GPU_1",port_id="NVLink_2",port_protocol="NVLink",port_type="BidirectionalPort",system_id="HGX_Baseboard_0"} 1
redfish_gpu_nvlink_health{gpu_id="GPU_1",port_id="NVLink_3",port_protocol="NVLink",port_type="BidirectionalPort",system_id="HGX_Baseboard_0"} 1
redfish_gpu_nvlink_health{gpu_id="GPU_1",port_id="NVLink_4",port_protocol="NVLink",port_type="BidirectionalPort",system_id="HGX_Baseboard_0"} 1
redfish_gpu_nvlink_health{gpu_id="GPU_1",port_id="NVLink_5",port_protocol="NVLink",port_type="BidirectionalPort",system_id="HGX_Baseboard_0"} 1
redfish_gpu_nvlink_health{gpu_id="GPU_1",port_id="NVLink_6",port_protocol="NVLink",port_type="BidirectionalPort",system_id="HGX_Baseboard_0"} 1
redfish_gpu_nvlink_health{gpu_id="GPU_1",port_id="NVLink_7",port_protocol="NVLink",port_type="BidirectionalPort",system_id="HGX_Baseboard_0"} 1
redfish_gpu_nvlink_health{gpu_id="GPU_1",port_id="NVLink_8",port_protocol="NVLink",port_type="BidirectionalPort",system_id="HGX_Baseboard_0"} 1
redfish_gpu_nvlink_health{gpu_id="GPU_1",port_id="NVLink_9",port_protocol="NVLink",port_type="BidirectionalPort",system_id="HGX_Baseboard_0"} 1
redfish_gpu_nvlink_health{gpu_id="GPU_2",port_id="NVLink_0",port_protocol="NVLink",port_type="BidirectionalPort",system_id="HGX_Baseboard_0"} 1
redfish_gpu_nvlink_health{gpu_id="GPU_2",port_id="NVLink_1",port_protocol="NVLink",port_type="BidirectionalPort",system_id="HGX_Baseboard_0"} 1
redfish_gpu_nvlink_health{gpu_id="GPU_2",port_id="NVLink_10",port_protocol="NVLink",port_type="BidirectionalPort",system_id="HGX_Baseboard_0"} 1
redfish_gpu_nvlink_health{gpu_id="GPU_2",port_id="NVLink_11",port_protocol="NVLink",port_type="BidirectionalPort",system_id="HGX_Baseboard_0"} 1
redfish_gpu_nvlink_health{gpu_id="GPU_2",port_id="NVLink_12",port_protocol="NVLink",port_type="BidirectionalPort",system_id="HGX_Baseboard_0"} 1
redfish_gpu_nvlink_health{gpu_id="GPU_2",port_id="NVLink_13",port_protocol="NVLink",port_type="BidirectionalPort",system_id="HGX_Baseboard_0"} 1
redfish_gpu_nvlink_health{gpu_id="GPU_2",port_id="NVLink_14",port_protocol="NVLink",port_type="BidirectionalPort",system_id="HGX_Baseboard_0"} 1
redfish_gpu_nvlink_health{gpu_id="GPU_2",port_id="NVLink_15",port_protocol="NVLink",port_type="BidirectionalPort",system_id="HGX_Baseboard_0"} 1
redfish_gpu_nvlink_health{gpu_id="GPU_2",port_id="NVLink_16",port_protocol="NVLink",port_type="BidirectionalPort",system_id="HGX_Baseboard_0"} 1
redfish_gpu_nvlink_health{gpu_id="GPU_2",port_id="NVLink_17",port_protocol="NVLink",port_type="BidirectionalPort",system_id="HGX_Baseboard_0"} 1
redfish_gpu_nvlink_health{gpu_id="GPU_2",port_id="NVLink_2",port_protocol="NVLink",port_type="BidirectionalPort",system_id="HGX_Baseboard_0"} 1
redfish_gpu_nvlink_health{gpu_id="GPU_2",port_id="NVLink_3",port_protocol="NVLink",port_type="BidirectionalPort",system_id="HGX_Baseboard_0"} 1
redfish_gpu_nvlink_health{gpu_id="GPU_2",port_id="NVLink_4",port_protocol="NVLink",port_type="BidirectionalPort",system_id="HGX_Baseboard_0"} 1
redfish_gpu_nvlink_health{gpu_id="GPU_2",port_id="NVLink_5",port_protocol="NVLink",port_type="BidirectionalPort",system_id="HGX_Baseboard_0"} 1
redfish_gpu_nvlink_health{gpu_id="GPU_2",port_id="NVLink_6",port_protocol="NVLink",port_type="BidirectionalPort",system_id="HGX_Baseboard_0"} 1
redfish_gpu_nvlink_health{gpu_id="GPU_2",port_id="NVLink_7",port_protocol="NVLink",port_type="BidirectionalPort",system_id="HGX_Baseboard_0"} 1
redfish_gpu_nvlink_health{gpu_id="GPU_2",port_id="NVLink_8",port_protocol="NVLink",port_type="BidirectionalPort",system_id="HGX_Baseboard_0"} 1
redfish_gpu_nvlink_health{gpu_id="GPU_2",port_id="NVLink_9",port_protocol="NVLink",port_type="BidirectionalPort",system_id="HGX_Baseboard_0"} 1
redfish_gpu_nvlink_health{gpu_id="GPU_3",port_id="NVLink_0",port_protocol="NVLink",port_type="BidirectionalPort",system_id="HGX_Baseboard_0"} 1
redfish_gpu_nvlink_health{gpu_id="GPU_3",port_id="NVLink_1",port_protocol="NVLink",port_type="BidirectionalPort",system_id="HGX_Baseboard_0"} 1
redfish_gpu_nvlink_health{gpu_id="GPU_3",port_id="NVLink_10",port_protocol="NVLink",port_type="BidirectionalPort",system_id="HGX_Baseboard_0"} 1
redfish_gpu_nvlink_health{gpu_id="GPU_3",port_id="NVLink_11",port_protocol="NVLink",port_type="BidirectionalPort",system_id="HGX_Baseboard_0"} 1
redfish_gpu_nvlink_health{gpu_id="GPU_3",port_id="NVLink_12",port_protocol="NVLink",port_type="BidirectionalPort",system_id="HGX_Baseboard_0"} 1
redfish_gpu_nvlink_health{gpu_id="GPU_3",port_id="NVLink_13",port_protocol="NVLink",port_type="BidirectionalPort",system_id="HGX_Baseboard_0"} 1
redfish_gpu_nvlink_health{gpu_id="GPU_3",port_id="NVLink_14",port_protocol="NVLink",port_type="BidirectionalPort",system_id="HGX_Baseboard_0"} 1
redfish_gpu_nvlink_health{gpu_id="GPU_3",port_id="NVLink_15",port_protocol="NVLink",port_type="BidirectionalPort",system_id="HGX_Baseboard_0"} 1
redfish_gpu_nvlink_health{gpu_id="GPU_3",port_id="NVLink_16",port_protocol="NVLink",port_type="BidirectionalPort",system_id="HGX_Baseboard_0"} 1
redfish_gpu_nvlink_health{gpu_id="GPU_3",port_id="NVLink_17",port_protocol="NVLink",port_type="BidirectionalPort",system_id="HGX_Baseboard_0"} 1
redfish_gpu_nvlink_health{gpu_id="GPU_3",port_id="NVLink_2",port_protocol="NVLink",port_type="BidirectionalPort",system_id="HGX_Baseboard_0"} 1
redfish_gpu_nvlink_health{gpu_id="GPU_3",port_id="NVLink_3",port_protocol="NVLink",port_type="BidirectionalPort",system_id="HGX_Baseboard_0"} 1
redfish_gpu_nvlink_health{gpu_id="GPU_3",port_id="NVLink_4",port_protocol="NVLink",port_type="BidirectionalPort",system_id="HGX_Baseboard_0"} 1
redfish_gpu_nvlink_health{gpu_id="GPU_3",port_id="NVLink_5",port_protocol="NVLink",port_type="BidirectionalPort",system_id="HGX_Baseboard_0"} 1
redfish_gpu_nvlink_health{gpu_id="GPU_3",port_id="NVLink_6",port_protocol="NVLink",port_type="BidirectionalPort",system_id="HGX_Baseboard_0"} 1
redfish_gpu_nvlink_health{gpu_id="GPU_3",port_id="NVLink_7",port_protocol="NVLink",port_type="BidirectionalPort",system_id="HGX_Baseboard_0"} 1
redfish_gpu_nvlink_health{gpu_id="GPU_3",port_id="NVLink_8",port_protocol="NVLink",port_type="BidirectionalPort",system_id="HGX_Baseboard_0"} 1
redfish_gpu_nvlink_health{gpu_id="GPU_3",port_id="NVLink_9",port_protocol="NVLink",port_type="BidirectionalPort",system_id="HGX_Baseboard_0"} 1
# HELP redfish_gpu_nvlink_link_downed_count NVLink link downed count
# TYPE redfish_gpu_nvlink_link_downed_count gauge
redfish_gpu_nvlink_link_downed_count{gpu_id="GPU_0",port_id="NVLink_0",port_protocol="NVLink",port_type="BidirectionalPort",system_id="HGX_Baseboard_0"} 0
redfish_gpu_nvlink_link_downed_count{gpu_id="GPU_0",port_id="NVLink_1",port_protocol="NVLink",port_type="BidirectionalPort",system_id="HGX_Baseboard_0"} 0
redfish_gpu_nvlink_link_downed_count{gpu_id="GPU_0",port_id="NVLink_10",port_protocol="NVLink",port_type="BidirectionalPort",system_id="HGX_Baseboard_0"} 0
redfish_gpu_nvlink_link_downed_count{gpu_id="GPU_0",port_id="NVLink_11",port_protocol="NVLink",port_type="BidirectionalPort",system_id="HGX_Baseboard_0"} 0
redfish_gpu_nvlink_link_downed_count{gpu_id="GPU_0",port_id="NVLink_12",port_protocol="NVLink",port_type="BidirectionalPort",system_id="HGX_Baseboard_0"} 0
redfish_gpu_nvlink_link_downed_count{gpu_id="GPU_0",port_id="NVLink_13",port_protocol="NVLink",port_type="BidirectionalPort",system_id="HGX_Baseboard_0"} 0
redfish_gpu_nvlink_link_downed_count{gpu_id="GPU_0",port_id="NVLink_14",port_protocol="NVLink",port_type="BidirectionalPort",system_id="HGX_Baseboard_0"} 0
redfish_gpu_nvlink_link_downed_count{gpu_id="GPU_0",port_id="NVLink_15",port_protocol="NVLink",port_type="BidirectionalPort",system_id="HGX_Baseboard_0"} 0
redfish_gpu_nvlink_link_downed_count{gpu_id="GPU_0",port_id="NVLink_16",port_protocol="NVLink",port_type="BidirectionalPort",system_id="HGX_Baseboard_0"} 0
redfish_gpu_nvlink_link_downed_count{gpu_id="GPU_0",port_id="NVLink_17",port_protocol="NVLink",port_type="BidirectionalPort",system_id="HGX_Baseboard_0"} 0
redfish_gpu_nvlink_link_downed_count{gpu_id="GPU_0",port_id="NVLink_2",port_protocol="NVLink",port_type="BidirectionalPort",system_id="HGX_Baseboard_0"} 0
redfish_gpu_nvlink_link_downed_count{gpu_id="GPU_0",port_id="NVLink_3",port_protocol="NVLink",port_type="BidirectionalPort",system_id="HGX_Baseboard_0"} 0
redfish_gpu_nvlink_link_downed_count{gpu_id="GPU_0",port_id="NVLink_4",port_protocol="NVLink",port_type="BidirectionalPort",system_id="HGX_Baseboard_0"} 0
redfish_gpu_nvlink_link_downed_count{gpu_id="GPU_0",port_id="NVLink_5",port_protocol="NVLink",port_type="BidirectionalPort",system_id="HGX_Baseboard_0"} 0
redfish_gpu_nvlink_link_downed_count{gpu_id="GPU_0",port_id="NVLink_6",port_protocol="NVLink",port_type="BidirectionalPort",system_id="HGX_Baseboard_0"} 0
redfish_gpu_nvlink_link_downed_count{gpu_id="GPU_0",port_id="NVLink_7",port_protocol="NVLink",port_type="BidirectionalPort",system_id="HGX_Baseboard_0"} 0
redfish_gpu_nvlink_link_downed_count{gpu_id="GPU_0",port_id="NVLink_8",port_protocol="NVLink",port_type="BidirectionalPort",system_id="HGX_Baseboard_0"} 0
redfish_gpu_nvlink_link_downed_count{gpu_id="GPU_0",port_id="NVLink_9",port_protocol="NVLink",port_type="BidirectionalPort",system_id="HGX_Baseboard_0"} 0
redfish_gpu_nvlink_link_downed_count{gpu_id="GPU_1",port_id="NVLink_0",port_protocol="NVLink",port_type="BidirectionalPort",system_id="HGX_Baseboard_0"} 0
redfish_gpu_nvlink_link_downed_count{gpu_id="GPU_1",port_id="NVLink_1",port_protocol="NVLink",port_type="BidirectionalPort",system_id="HGX_Baseboard_0"} 0
redfish_gpu_nvlink_link_downed_count{gpu_id="GPU_1",port_id="NVLink_10",port_protocol="NVLink",port_type="BidirectionalPort",system_id="HGX_Baseboard_0"} 0
redfish_gpu_nvlink_link_downed_count{gpu_id="GPU_1",port_id="NVLink_11",port_protocol="NVLink",port_type="BidirectionalPort",system_id="HGX_Baseboard_0"} 0
redfish_gpu_nvlink_link_downed_count{gpu_id="GPU_1",port_id="NVLink_12",port_protocol="NVLink",port_type="BidirectionalPort",system_id="HGX_Baseboard_0"} 0
redfish_gpu_nvlink_link_downed_count{gpu_id="GPU_1",port_id="NVLink_13",port_protocol="NVLink",port_type="BidirectionalPort",system_id="HGX_Baseboard_0"} 0
redfish_gpu_nvlink_link_downed_count{gpu_id="GPU_1",port_id="NVLink_14",port_protocol="NVLink",port_type="BidirectionalPort",system_id="HGX_Baseboard_0"} 0
redfish_gpu_nvlink_link_downed_count{gpu_id="GPU_1",port_id="NVLink_15",port_protocol="NVLink",port_type="BidirectionalPort",system_id="HGX_Baseboard_0"} 0
redfish_gpu_nvlink_link_downed_count{gpu_id="GPU_1",port_id="NVLink_16",port_protocol="NVLink",port_type="BidirectionalPort",system_id="HGX_Baseboard_0"} 0
redfish_gpu_nvlink_link_downed_count{gpu_id="GPU_1",port_id="NVLink_17",port_protocol="NVLink",port_type="BidirectionalPort",system_id="HGX_Baseboard_0"} 0
redfish_gpu_nvlink_link_downed_count{gpu_id="GPU_1",port_id="NVLink_2",port_protocol="NVLink",port_type="BidirectionalPort",system_id="HGX_Baseboard_0"} 0
redfish_gpu_nvlink_link_downed_count{gpu_id="GPU_1",port_id="NVLink_3",port_protocol="NVLink",port_type="BidirectionalPort",system_id="HGX_Baseboard_0"} 0
redfish_gpu_nvlink_link_downed_count{gpu_id="GPU_1",port_id="NVLink_4",port_protocol="NVLink",port_type="BidirectionalPort",system_id="HGX_Baseboard_0"} 0
redfish_gpu_nvlink_link_downed_count{gpu_id="GPU_1",port_id="NVLink_5",port_protocol="NVLink",port_type="BidirectionalPort",system_id="HGX_Baseboard_0"} 0
redfish_gpu_nvlink_link_downed_count{gpu_id="GPU_1",port_id="NVLink_6",port_protocol="NVLink",port_type="BidirectionalPort",system_id="HGX_Baseboard_0"} 0
redfish_gpu_nvlink_link_downed_count{gpu_id="GPU_1",port_id="NVLink_7",port_protocol="NVLink",port_type="BidirectionalPort",system_id="HGX_Baseboard_0"} 0
redfish_gpu_nvlink_link_downed_count{gpu_id="GPU_1",port_id="NVLink_8",port_protocol="NVLink",port_type="BidirectionalPort",system_id="HGX_Baseboard_0"} 0
redfish_gpu_nvlink_link_downed_count{gpu_id="GPU_1",port_id="NVLink_9",port_protocol="NVLink",port_type="BidirectionalPort",system_id="HGX_Baseboard_0"} 0
redfish_gpu_nvlink_link_downed_count{gpu_id="GPU_2",port_id="NVLink_0",port_protocol="NVLink",port_type="BidirectionalPort",system_id="HGX_Baseboard_0"} 0
redfish_gpu_nvlink_link_downed_count{gpu_id="GPU_2",port_id="NVLink_1",port_protocol="NVLink",port_type="BidirectionalPort",system_id="HGX_Baseboard_0"} 0
redfish_gpu_nvlink_link_downed_count{gpu_id="GPU_2",port_id="NVLink_10",port_protocol="NVLink",port_type="BidirectionalPort",system_id="HGX_Baseboard_0"} 0
redfish_gpu_nvlink_link_downed_count{gpu_id="GPU_2",port_id="NVLink_11",port_protocol="NVLink",port_type="BidirectionalPort",system_id="HGX_Baseboard_0"} 0
redfish_gpu_nvlink_link_downed_count{gpu_id="GPU_2",port_id="NVLink_12",port_protocol="NVLink",port_type="BidirectionalPort",system_id="HGX_Baseboard_0"} 0
redfish_gpu_nvlink_link_downed_count{gpu_id="GPU_2",port_id="NVLink_13",port_protocol="NVLink",port_type="BidirectionalPort",system_id="HGX_Baseboard_0"} 0
redfish_gpu_nvlink_link_downed_count{gpu_id="GPU_2",port_id="NVLink_14",port_protocol="NVLink",port_type="BidirectionalPort",system_id="HGX_Baseboard_0"} 0
redfish_gpu_nvlink_link_downed_count{gpu_id="GPU_2",port_id="NVLink_15",port_protocol="NVLink",port_type="BidirectionalPort",system_id="HGX_Baseboard_0"} 0
redfish_gpu_nvlink_link_downed_count{gpu_id="GPU_2",port_id="NVLink_16",port_protocol="NVLink",port_type="BidirectionalPort",system_id="HGX_Baseboard_0"} 0
redfish_gpu_nvlink_link_downed_count{gpu_id="GPU_2",port_id="NVLink_17",port_protocol="NVLink",port_type="BidirectionalPort",system_id="HGX_Baseboard_0"} 0
redfish_gpu_nvlink_link_downed_count{gpu_id="GPU_2",port_id="NVLink_2",port_protocol="NVLink",port_type="BidirectionalPort",system_id="HGX_Baseboard_0"} 0
redfish_gpu_nvlink_link_downed_count{gpu_id="GPU_2",port_id="NVLink_3",port_protocol="NVLink",port_type="BidirectionalPort",system_id="HGX_Baseboard_0"} 0
redfish_gpu_nvlink_link_downed_count{gpu_id="GPU_2",port_id="NVLink_4",port_protocol="NVLink",port_type="BidirectionalPort",system_id="HGX_Baseboard_0"} 0
redfish_gpu_nvlink_link_downed_count{gpu_id="GPU_2",port_id="NVLink_5",port_protocol="NVLink",port_type="BidirectionalPort",system_id="HGX_Baseboard_0"} 0
redfish_gpu_nvlink_link_downed_count{gpu_id="GPU_2",port_id="NVLink_6",port_protocol="NVLink",port_type="BidirectionalPort",system_id="HGX_Baseboard_0"} 0
redfish_gpu_nvlink_link_downed_count{gpu_id="GPU_2",port_id="NVLink_7",port_protocol="NVLink",port_type="BidirectionalPort",system_id="HGX_Baseboard_0"} 0
redfish_gpu_nvlink_link_downed_count{gpu_id="GPU_2",port_id="NVLink_8",port_protocol="NVLink",port_type="BidirectionalPort",system_id="HGX_Baseboard_0"} 0
redfish_gpu_nvlink_link_downed_count{gpu_id="GPU_2",port_id="NVLink_9",port_protocol="NVLink",port_type="BidirectionalPort",system_id="HGX_Baseboard_0"} 0
redfish_gpu_nvlink_link_downed_count{gpu_id="GPU_3",port_id="NVLink_0",port_protocol="NVLink",port_type="BidirectionalPort",system_id="HGX_Baseboard_0"} 0
redfish_gpu_nvlink_link_downed_count{gpu_id="GPU_3",port_id="NVLink_1",port_protocol="NVLink",port_type="BidirectionalPort",system_id="HGX_Baseboard_0"} 0
redfish_gpu_nvlink_link_downed_count{gpu_id="GPU_3",port_id="NVLink_10",port_protocol="NVLink",port_type="BidirectionalPort",system_id="HGX_Baseboard_0"} 0
redfish_gpu_nvlink_link_downed_count{gpu_id="GPU_3",port_id="NVLink_11",port_protocol="NVLink",port_type="BidirectionalPort",system_id="HGX_Baseboard_0"} 0
redfish_gpu_nvlink_link_downed_count{gpu_id="GPU_3",port_id="NVLink_12",port_protocol="NVLink",port_type="BidirectionalPort",system_id="HGX_Baseboard_0"} 0
redfish_gpu_nvlink_link_downed_count{gpu_id="GPU_3",port_id="NVLink_13",port_protocol="NVLink",port_type="BidirectionalPort",system_id="HGX_Baseboard_0"} 0
redfish_gpu_nvlink_link_downed_count{gpu_id="GPU_3",port_id="NVLink_14",port_protocol="NVLink",port_type="BidirectionalPort",system_id="HGX_Baseboard_0"} 0
redfish_gpu_nvlink_link_downed_count{gpu_id="GPU_3",port_id="NVLink_15",port_protocol="NVLink",port_type="BidirectionalPort",system_id="HGX_Baseboard_0"} 0
redfish_gpu_nvlink_link_downed_count{gpu_id="GPU_3",port_id="NVLink_16",port_protocol="NVLink",port_type="BidirectionalPort",system_id="HGX_Baseboard_0"} 0
redfish_gpu_nvlink_link_downed_count{gpu_id="GPU_3",port_id="NVLink_17",port_protocol="NVLink",port_type="BidirectionalPort",system_id="HGX_Baseboard_0"} 0
redfish_gpu_nvlink_link_downed_count{gpu_id="GPU_3",port_id="NVLink_2",port_protocol="NVLink",port_type="BidirectionalPort",system_id="HGX_Baseboard_0"} 0
redfish_gpu_nvlink_link_downed_count{gpu_id="GPU_3",port_id="NVLink_3",port_protocol="NVLink",port_type="BidirectionalPort",system_id="HGX_Baseboard_0"} 0
redfish_gpu_nvlink_link_downed_count{gpu_id="GPU_3",port_id="NVLink_4",port_protocol="NVLink",port_type="BidirectionalPort",system_id="HGX_Baseboard_0"} 0
redfish_gpu_nvlink_link_downed_count{gpu_id="GPU_3",port_id="NVLink_5",port_protocol="NVLink",port_type="BidirectionalPort",system_id="HGX_Baseboard_0"} 0
redfish_gpu_nvlink_link_downed_count{gpu_id="GPU_3",port_id="NVLink_6",port_protocol="NVLink",port_type="BidirectionalPort",system_id="HGX_Baseboard_0"} 0
redfish_gpu_nvlink_link_downed_count{gpu_id="GPU_3",port_id="NVLink_7",port_protocol="NVLink",port_type="BidirectionalPort",system_id="HGX_Baseboard_0"} 0
redfish_gpu_nvlink_link_downed_count{gpu_id="GPU_3",port_id="NVLink_8",port_protocol="NVLink",port_type="BidirectionalPort",system_id="HGX_Baseboard_0"} 0
redfish_gpu_nvlink_link_downed_count{gpu_id="GPU_3",port_id="NVLink_9",port_protocol="NVLink",port_type="BidirectionalPort",system_id="HGX_Baseboard_0"} 0
# HELP redfish_gpu_nvlink_link_error_recovery_count NVLink error recovery count
# TYPE redfish_gpu_nvlink_link_error_recovery_count gauge
redfish_gpu_nvlink_link_error_recovery_count{gpu_id="GPU_0",port_id="NVLink_0",port_protocol="NVLink",port_type="BidirectionalPort",system_id="HGX_Baseboard_0"} 0
redfish_gpu_nvlink_link_error_recovery_count{gpu_id="GPU_0",port_id="NVLink_1",port_protocol="NVLink",port_type="BidirectionalPort",system_id="HGX_Baseboard_0"} 0
redfish_gpu_nvlink_link_error_recovery_count{gpu_id="GPU_0",port_id="NVLink_10",port_protocol="NVLink",port_type="BidirectionalPort",system_id="HGX_Baseboard_0"} 0
redfish_gpu_nvlink_link_error_recovery_count{gpu_id="GPU_0",port_id="NVLink_11",port_protocol="NVLink",port_type="BidirectionalPort",system_id="HGX_Baseboard_0"} 0
redfish_gpu_nvlink_link_error_recovery_count{gpu_id="GPU_0",port_id="NVLink_12",port_protocol="NVLink",port_type="BidirectionalPort",system_id="HGX_Baseboard_0"} 0
redfish_gpu_nvlink_link_error_recovery_count{gpu_id="GPU_0",port_id="NVLink_13",port_protocol="NVLink",port_type="BidirectionalPort",system_id="HGX_Baseboard_0"} 0
redfish_gpu_nvlink_link_error_recovery_count{gpu_id="GPU_0",port_id="NVLink_14",port_protocol="NVLink",port_type="BidirectionalPort",system_id="HGX_Baseboard_0"} 0
redfish_gpu_nvlink_link_error_recovery_count{gpu_id="GPU_0",port_id="NVLink_15",port_protocol="NVLink",port_type="BidirectionalPort",system_id="HGX_Baseboard_0"} 0
redfish_gpu_nvlink_link_error_recovery_count{gpu_id="GPU_0",port_id="NVLink_16",port_protocol="NVLink",port_type="BidirectionalPort",system_id="HGX_Baseboard_0"} 0
redfish_gpu_nvlink_link_error_recovery_count{gpu_id="GPU_0",port_id="NVLink_17",port_protocol="NVLink",port_type="BidirectionalPort",system_id="HGX_Baseboard_0"} 0
redfish_gpu_nvlink_link_error_recovery_count{gpu_id="GPU_0",port_id="NVLink_2",port_protocol="NVLink",port_type="BidirectionalPort",system_id="HGX_Baseboard_0"} 0
redfish_gpu_nvlink_link_error_recovery_count{gpu_id="GPU_0",port_id="NVLink_3",port_protocol="NVLink",port_type="BidirectionalPort",system_id="HGX_Baseboard_0"} 0
redfish_gpu_nvlink_link_error_recovery_count{gpu_id="GPU_0",port_id="NVLink_4",port_protocol="NVLink",port_type="BidirectionalPort",system_id="HGX_Baseboard_0"} 0
redfish_gpu_nvlink_link_error_recovery_count{gpu_id="GPU_0",port_id="NVLink_5",port_protocol="NVLink",port_type="BidirectionalPort",system_id="HGX_Baseboard_0"} 0
redfish_gpu_nvlink_link_error_recovery_count{gpu_id="GPU_0",port_id="NVLink_6",port_protocol="NVLink",port_type="BidirectionalPort",system_id="HGX_Baseboard_0"} 0
redfish_gpu_nvlink_link_error_recovery_count{gpu_id="GPU_0",port_id="NVLink_7",port_protocol="NVLink",port_type="BidirectionalPort",system_id="HGX_Baseboard_0"} 0
redfish_gpu_nvlink_link_error_recovery_count{gpu_id="GPU_0",port_id="NVLink_8",port_protocol="NVLink",port_type="BidirectionalPort",system_id="HGX_Baseboard_0"} 0
redfish_gpu_nvlink_link_error_recovery_count{gpu_id="GPU_0",port_id="NVLink_9",port_protocol="NVLink",port_type="BidirectionalPort",system_id="HGX_Baseboard_0"} 0
redfish_gpu_nvlink_link_error_recovery_count{gpu_id="GPU_1",port_id="NVLink_0",port_protocol="NVLink",port_type="BidirectionalPort",system_id="HGX_Baseboard_0"} 0
redfish_gpu_nvlink_link_error_recovery_count{gpu_id="GPU_1",port_id="NVLink_1",port_protocol="NVLink",port_type="BidirectionalPort",system_id="HGX_Baseboard_0"} 0
redfish_gpu_nvlink_link_error_recovery_count{gpu_id="GPU_1",port_id="NVLink_10",port_protocol="NVLink",port_type="BidirectionalPort",system_id="HGX_Baseboard_0"} 0
redfish_gpu_nvlink_link_error_recovery_count{gpu_id="GPU_1",port_id="NVLink_11",port_protocol="NVLink",port_type="BidirectionalPort",system_id="HGX_Baseboard_0"} 0
redfish_gpu_nvlink_link_error_recovery_count{gpu_id="GPU_1",port_id="NVLink_12",port_protocol="NVLink",port_type="BidirectionalPort",system_id="HGX_Baseboard_0"} 0
redfish_gpu_nvlink_link_error_recovery_count{gpu_id="GPU_1",port_id="NVLink_13",port_protocol="NVLink",port_type="BidirectionalPort",system_id="HGX_Baseboard_0"} 0
redfish_gpu_nvlink_link_error_recovery_count{gpu_id="GPU_1",port_id="NVLink_14",port_protocol="NVLink",port_type="BidirectionalPort",system_id="HGX_Baseboard_0"} 0
redfish_gpu_nvlink_link_error_recovery_count{gpu_id="GPU_1",port_id="NVLink_15",port_protocol="NVLink",port_type="BidirectionalPort",system_id="HGX_Baseboard_0"} 0
redfish_gpu_nvlink_link_error_recovery_count{gpu_id="GPU_1",port_id="NVLink_16",port_protocol="NVLink",port_type="BidirectionalPort",system_id="HGX_Baseboard_0"} 0
redfish_gpu_nvlink_link_error_recovery_count{gpu_id="GPU_1",port_id="NVLink_17",port_protocol="NVLink",port_type="BidirectionalPort",system_id="HGX_Baseboard_0"} 0
redfish_gpu_nvlink_link_error_recovery_count{gpu_id="GPU_1",port_id="NVLink_2",port_protocol="NVLink",port_type="BidirectionalPort",system_id="HGX_Baseboard_0"} 0
redfish_gpu_nvlink_link_error_recovery_count{gpu_id="GPU_1",port_id="NVLink_3",port_protocol="NVLink",port_type="BidirectionalPort",system_id="HGX_Baseboard_0"} 0
redfish_gpu_nvlink_link_error_recovery_count{gpu_id="GPU_1",port_id="NVLink_4",port_protocol="NVLink",port_type="BidirectionalPort",system_id="HGX_Baseboard_0"} 0
redfish_gpu_nvlink_link_error_recovery_count{gpu_id="GPU_1",port_id="NVLink_5",port_protocol="NVLink",port_type="BidirectionalPort",system_id="HGX_Baseboard_0"} 0
redfish_gpu_nvlink_link_error_recovery_count{gpu_id="GPU_1",port_id="NVLink_6",port_protocol="NVLink",port_type="BidirectionalPort",system_id="HGX_Baseboard_0"} 0
redfish_gpu_nvlink_link_error_recovery_count{gpu_id="GPU_1",port_id="NVLink_7",port_protocol="NVLink",port_type="BidirectionalPort",system_id="HGX_Baseboard_0"} 0
redfish_gpu_nvlink_link_error_recovery_count{gpu_id="GPU_1",port_id="NVLink_8",port_protocol="NVLink",port_type="BidirectionalPort",system_id="HGX_Baseboard_0"} 0
redfish_gpu_nvlink_link_error_recovery_count{gpu_id="GPU_1",port_id="NVLink_9",port_protocol="NVLink",port_type="BidirectionalPort",system_id="HGX_Baseboard_0"} 0
redfish_gpu_nvlink_link_error_recovery_count{gpu_id="GPU_2",port_id="NVLink_0",port_protocol="NVLink",port_type="BidirectionalPort",system_id="HGX_Baseboard_0"} 0
redfish_gpu_nvlink_link_error_recovery_count{gpu_id="GPU_2",port_id="NVLink_1",port_protocol="NVLink",port_type="BidirectionalPort",system_id="HGX_Baseboard_0"} 0
redfish_gpu_nvlink_link_error_recovery_count{gpu_id="GPU_2",port_id="NVLink_10",port_protocol="NVLink",port_type="BidirectionalPort",system_id="HGX_Baseboard_0"} 0
redfish_gpu_nvlink_link_error_recovery_count{gpu_id="GPU_2",port_id="NVLink_11",port_protocol="NVLink",port_type="BidirectionalPort",system_id="HGX_Baseboard_0"} 0
redfish_gpu_nvlink_link_error_recovery_count{gpu_id="GPU_2",port_id="NVLink_12",port_protocol="NVLink",port_type="BidirectionalPort",system_id="HGX_Baseboard_0"} 0
redfish_gpu_nvlink_link_error_recovery_count{gpu_id="GPU_2",port_id="NVLink_13",port_protocol="NVLink",port_type="BidirectionalPort",system_id="HGX_Baseboard_0"} 0
redfish_gpu_nvlink_link_error_recovery_count{gpu_id="GPU_2",port_id="NVLink_14",port_protocol="NVLink",port_type="BidirectionalPort",system_id="HGX_Baseboard_0"} 0
redfish_gpu_nvlink_link_error_recovery_count{gpu_id="GPU_2",port_id="NVLink_15",port_protocol="NVLink",port_type="BidirectionalPort",system_id="HGX_Baseboard_0"} 0
redfish_gpu_nvlink_link_error_recovery_count{gpu_id="GPU_2",port_id="NVLink_16",port_protocol="NVLink",port_type="BidirectionalPort",system_id="HGX_Baseboard_0"} 0
redfish_gpu_nvlink_link_error_recovery_count{gpu_id="GPU_2",port_id="NVLink_17",port_protocol="NVLink",port_type="BidirectionalPort",system_id="HGX_Baseboard_0"} 0
redfish_gpu_nvlink_link_error_recovery_count{gpu_id="GPU_2",port_id="NVLink_2",port_protocol="NVLink",port_type="BidirectionalPort",system_id="HGX_Baseboard_0"} 0
redfish_gpu_nvlink_link_error_recovery_count{gpu_id="GPU_2",port_id="NVLink_3",port_protocol="NVLink",port_type="BidirectionalPort",system_id="HGX_Baseboard_0"} 0
redfish_gpu_nvlink_link_error_recovery_count{gpu_id="GPU_2",port_id="NVLink_4",port_protocol="NVLink",port_type="BidirectionalPort",system_id="HGX_Baseboard_0"} 0
redfish_gpu_nvlink_link_error_recovery_count{gpu_id="GPU_2",port_id="NVLink_5",port_protocol="NVLink",port_type="BidirectionalPort",system_id="HGX_Baseboard_0"} 0
redfish_gpu_nvlink_link_error_recovery_count{gpu_id="GPU_2",port_id="NVLink_6",port_protocol="NVLink",port_type="BidirectionalPort",system_id="HGX_Baseboard_0"} 0
redfish_gpu_nvlink_link_error_recovery_count{gpu_id="GPU_2",port_id="NVLink_7",port_protocol="NVLink",port_type="BidirectionalPort",system_id="HGX_Baseboard_0"} 0
redfish_gpu_nvlink_link_error_recovery_count{gpu_id="GPU_2",port_id="NVLink_8",port_protocol="NVLink",port_type="BidirectionalPort",system_id="HGX_Baseboard_0"} 0
redfish_gpu_nvlink_link_error_recovery_count{gpu_id="GPU_2",port_id="NVLink_9",port_protocol="NVLink",port_type="BidirectionalPort",system_id="HGX_Baseboard_0"} 0
redfish_gpu_nvlink_link_error_recovery_count{gpu_id="GPU_3",port_id="NVLink_0",port_protocol="NVLink",port_type="BidirectionalPort",system_id="HGX_Baseboard_0"} 0
redfish_gpu_nvlink_link_error_recovery_count{gpu_id="GPU_3",port_id="NVLink_1",port_protocol="NVLink",port_type="BidirectionalPort",system_id="HGX_Baseboard_0"} 0
redfish_gpu_nvlink_link_error_recovery_count{gpu_id="GPU_3",port_id="NVLink_10",port_protocol="NVLink",port_type="BidirectionalPort",system_id="HGX_Baseboard_0"} 0
redfish_gpu_nvlink_link_error_recovery_count{gpu_id="GPU_3",port_id="NVLink_11",port_protocol="NVLink",port_type="BidirectionalPort",system_id="HGX_Baseboard_0"} 1000000000
redfish_gpu_nvlink_link_error_recovery_count{gpu_id="GPU_3",port_id="NVLink_12",port_protocol="NVLink",port_type="BidirectionalPort",system_id="HGX_Baseboard_0"} 0
redfish_gpu_nvlink_link_error_recovery_count{gpu_id="GPU_3",port_id="NVLink_13",port_protocol="NVLink",port_type="BidirectionalPort",system_id="HGX_Baseboard_0"} 0
redfish_gpu_nvlink_link_error_recovery_count{gpu_id="GPU_3",port_id="NVLink_14",port_protocol="NVLink",port_type="BidirectionalPort",system_id="HGX_Baseboard_0"} 0
redfish_gpu_nvlink_link_error_recovery_count{gpu_id="GPU_3",port_id="NVLink_15",port_protocol="NVLink",port_type="BidirectionalPort",system_id="HGX_Baseboard_0"} 0
redfish_gpu_nvlink_link_error_recovery_count{gpu_id="GPU_3",port_id="NVLink_16",port_protocol="NVLink",port_type="BidirectionalPort",system_id="HGX_Baseboard_0"} 0
redfish_gpu_nvlink_link_error_recovery_count{gpu_id="GPU_3",port_id="NVLink_17",port_protocol="NVLink",port_type="BidirectionalPort",system_id="HGX_Baseboard_0"} 0
redfish_gpu_nvlink_link_error_recovery_count{gpu_id="GPU_3",port_id="NVLink_2",port_protocol="NVLink",port_type="BidirectionalPort",system_id="HGX_Baseboard_0"} 0
redfish_gpu_nvlink_link_error_recovery_count{gpu_id="GPU_3",port_id="NVLink_3",port_protocol="NVLink",port_type="BidirectionalPort",system_id="HGX_Baseboard_0"} 0
redfish_gpu_nvlink_link_error_recovery_count{gpu_id="GPU_3",port_id="NVLink_4",port_protocol="NVLink",port_type="BidirectionalPort",system_id="HGX_Baseboard_0"} 0
redfish_gpu_nvlink_link_error_recovery_count{gpu_id="GPU_3",port_id="NVLink_5",port_protocol="NVLink",port_type="BidirectionalPort",system_id="HGX_Baseboard_0"} 0
redfish_gpu_nvlink_link_error_recovery_count{gpu_id="GPU_3",port_id="NVLink_6",port_protocol="NVLink",port_type="BidirectionalPort",system_id="HGX_Baseboard_0"} 0
redfish_gpu_nvlink_link_error_recovery_count{gpu_id="GPU_3",port_id="NVLink_7",port_protocol="NVLink",port_type="BidirectionalPort",system_id="HGX_Baseboard_0"} 0
redfish_gpu_nvlink_link_error_recovery_count{gpu_id="GPU_3",port_id="NVLink_8",port_protocol="NVLink",port_type="BidirectionalPort",system_id="HGX_Baseboard_0"} 0
redfish_gpu_nvlink_link_error_recovery_count{gpu_id="GPU_3",port_id="NVLink_9",port_protocol="NVLink",port_type="BidirectionalPort",system_id="HGX_Baseboard_0"} 0
# HELP redfish_gpu_nvlink_runtime_error NVLink runtime error status (1 if error)
# TYPE redfish_gpu_nvlink_runtime_error gauge
redfish_gpu_nvlink_runtime_error{gpu_id="GPU_0",port_id="NVLink_0",port_protocol="NVLink",port_type="BidirectionalPort",system_id="HGX_Baseboard_0"} 0
redfish_gpu_nvlink_runtime_error{gpu_id="GPU_0",port_id="NVLink_1",port_protocol="NVLink",port_type="BidirectionalPort",system_id="HGX_Baseboard_0"} 0
redfish_gpu_nvlink_runtime_error{gpu_id="GPU_0",port_id="NVLink_10",port_protocol="NVLink",port_type="BidirectionalPort",system_id="HGX_Baseboard_0"} 0
redfish_gpu_nvlink_runtime_error{gpu_id="GPU_0",port_id="NVLink_11",port_protocol="NVLink",port_type="BidirectionalPort",system_id="HGX_Baseboard_0"} 0
redfish_gpu_nvlink_runtime_error{gpu_id="GPU_0",port_id="NVLink_12",port_protocol="NVLink",port_type="BidirectionalPort",system_id="HGX_Baseboard_0"} 0
redfish_gpu_nvlink_runtime_error{gpu_id="GPU_0",port_id="NVLink_13",port_protocol="NVLink",port_type="BidirectionalPort",system_id="HGX_Baseboard_0"} 0
redfish_gpu_nvlink_runtime_error{gpu_id="GPU_0",port_id="NVLink_14",port_protocol="NVLink",port_type="BidirectionalPort",system_id="HGX_Baseboard_0"} 0
redfish_gpu_nvlink_runtime_error{gpu_id="GPU_0",port_id="NVLink_15",port_protocol="NVLink",port_type="BidirectionalPort",system_id="HGX_Baseboard_0"} 0
redfish_gpu_nvlink_runtime_error{gpu_id="GPU_0",port_id="NVLink_16",port_protocol="NVLink",port_type="BidirectionalPort",system_id="HGX_Baseboard_0"} 0
redfish_gpu_nvlink_runtime_error{gpu_id="GPU_0",port_id="NVLink_17",port_protocol="NVLink",port_type="BidirectionalPort",system_id="HGX_Baseboard_0"} 0
redfish_gpu_nvlink_runtime_error{gpu_id="GPU_0",port_id="NVLink_2",port_protocol="NVLink",port_type="BidirectionalPort",system_id="HGX_Baseboard_0"} 0
redfish_gpu_nvlink_runtime_error{gpu_id="GPU_0",port_id="NVLink_3",port_protocol="NVLink",port_type="BidirectionalPort",system_id="HGX_Baseboard_0"} 1
redfish_gpu_nvlink_runtime_error{gpu_id="GPU_0",port_id="NVLink_4",port_protocol="NVLink",port_type="BidirectionalPort",system_id="HGX_Baseboard_0"} 0
redfish_gpu_nvlink_runtime_error{gpu_id="GPU_0",port_id="NVLink_5",port_protocol="NVLink",port_type="BidirectionalPort",system_id="HGX_Baseboard_0"} 0
redfish_gpu_nvlink_runtime_error{gpu_id="GPU_0",port_id="NVLink_6",port_protocol="NVLink",port_type="BidirectionalPort",system_id="HGX_Baseboard_0"} 0
redfish_gpu_nvlink_runtime_error{gpu_id="GPU_0",port_id="NVLink_7",port_protocol="NVLink",port_type="BidirectionalPort",system_id="HGX_Baseboard_0"} 0
redfish_gpu_nvlink_runtime_error{gpu_id="GPU_0",port_id="NVLink_8",port_protocol="NVLink",port_type="BidirectionalPort",system_id="HGX_Baseboard_0"} 0
redfish_gpu_nvlink_runtime_error{gpu_id="GPU_0",port_id="NVLink_9",port_protocol="NVLink",port_type="BidirectionalPort",system_id="HGX_Baseboard_0"} 0
redfish_gpu_nvlink_runtime_error{gpu_id="GPU_1",port_id="NVLink_0",port_protocol="NVLink",port_type="BidirectionalPort",system_id="HGX_Baseboard_0"} 0
redfish_gpu_nvlink_runtime_error{gpu_id="GPU_1",port_id="NVLink_1",port_protocol="NVLink",port_type="BidirectionalPort",system_id="HGX_Baseboard_0"} 0
redfish_gpu_nvlink_runtime_error{gpu_id="GPU_1",port_id="NVLink_10",port_protocol="NVLink",port_type="BidirectionalPort",system_id="HGX_Baseboard_0"} 0
redfish_gpu_nvlink_runtime_error{gpu_id="GPU_1",port_id="NVLink_11",port_protocol="NVLink",port_type="BidirectionalPort",system_id="HGX_Baseboard_0"} 0
redfish_gpu_nvlink_runtime_error{gpu_id="GPU_1",port_id="NVLink_12",port_protocol="NVLink",port_type="BidirectionalPort",system_id="HGX_Baseboard_0"} 0
redfish_gpu_nvlink_runtime_error{gpu_id="GPU_1",port_id="NVLink_13",port_protocol="NVLink",port_type="BidirectionalPort",system_id="HGX_Baseboard_0"} 0
redfish_gpu_nvlink_runtime_error{gpu_id="GPU_1",port_id="NVLink_14",port_protocol="NVLink",port_type="BidirectionalPort",system_id="HGX_Baseboard_0"} 0
redfish_gpu_nvlink_runtime_error{gpu_id="GPU_1",port_id="NVLink_15",port_protocol="NVLink",port_type="BidirectionalPort",system_id="HGX_Baseboard_0"} 0
redfish_gpu_nvlink_runtime_error{gpu_id="GPU_1",port_id="NVLink_16",port_protocol="NVLink",port_type="BidirectionalPort",system_id="HGX_Baseboard_0"} 0
redfish_gpu_nvlink_runtime_error{gpu_id="GPU_1",port_id="NVLink_17",port_protocol="NVLink",port_type="BidirectionalPort",system_id="HGX_Baseboard_0"} 0
redfish_gpu_nvlink_runtime_error{gpu_id="GPU_1",port_id="NVLink_2",port_protocol="NVLink",port_type="BidirectionalPort",system_id="HGX_Baseboard_0"} 0
redfish_gpu_nvlink_runtime_error{gpu_id="GPU_1",port_id="NVLink_3",port_protocol="NVLink",port_type="BidirectionalPort",system_id="HGX_Baseboard_0"} 0
redfish_gpu_nvlink_runtime_error{gpu_id="GPU_1",port_id="NVLink_4",port_protocol="NVLink",port_type="BidirectionalPort",system_id="HGX_Baseboard_0"} 0
redfish_gpu_nvlink_runtime_error{gpu_id="GPU_1",port_id="NVLink_5",port_protocol="NVLink",port_type="BidirectionalPort",system_id="HGX_Baseboard_0"} 0
redfish_gpu_nvlink_runtime_error{gpu_id="GPU_1",port_id="NVLink_6",port_protocol="NVLink",port_type="BidirectionalPort",system_id="HGX_Baseboard_0"} 0
redfish_gpu_nvlink_runtime_error{gpu_id="GPU_1",port_id="NVLink_7",port_protocol="NVLink",port_type="BidirectionalPort",system_id="HGX_Baseboard_0"} 0
redfish_gpu_nvlink_runtime_error{gpu_id="GPU_1",port_id="NVLink_8",port_protocol="NVLink",port_type="BidirectionalPort",system_id="HGX_Baseboard_0"} 0
redfish_gpu_nvlink_runtime_error{gpu_id="GPU_1",port_id="NVLink_9",port_protocol="NVLink",port_type="BidirectionalPort",system_id="HGX_Baseboard_0"} 0
redfish_gpu_nvlink_runtime_error{gpu_id="GPU_2",port_id="NVLink_0",port_protocol="NVLink",port_type="BidirectionalPort",system_id="HGX_Baseboard_0"} 0
redfish_gpu_nvlink_runtime_error{gpu_id="GPU_2",port_id="NVLink_1",port_protocol="NVLink",port_type="BidirectionalPort",system_id="HGX_Baseboard_0"} 0
redfish_gpu_nvlink_runtime_error{gpu_id="GPU_2",port_id="NVLink_10",port_protocol="NVLink",port_type="BidirectionalPort",system_id="HGX_Baseboard_0"} 0
redfish_gpu_nvlink_runtime_error{gpu_id="GPU_2",port_id="NVLink_11",port_protocol="NVLink",port_type="BidirectionalPort",system_id="HGX_Baseboard_0"} 0
redfish_gpu_nvlink_runtime_error{gpu_id="GPU_2",port_id="NVLink_12",port_protocol="NVLink",port_type="BidirectionalPort",system_id="HGX_Baseboard_0"} 0
redfish_gpu_nvlink_runtime_error{gpu_id="GPU_2",port_id="NVLink_13",port_protocol="NVLink",port_type="BidirectionalPort",system_id="HGX_Baseboard_0"} 0
redfish_gpu_nvlink_runtime_error{gpu_id="GPU_2",port_id="NVLink_14",port_protocol="NVLink",port_type="BidirectionalPort",system_id="HGX_Baseboard_0"} 0
redfish_gpu_nvlink_runtime_error{gpu_id="GPU_2",port_id="NVLink_15",port_protocol="NVLink",port_type="BidirectionalPort",system_id="HGX_Baseboard_0"} 0
redfish_gpu_nvlink_runtime_error{gpu_id="GPU_2",port_id="NVLink_16",port_protocol="NVLink",port_type="BidirectionalPort",system_id="HGX_Baseboard_0"} 0
redfish_gpu_nvlink_runtime_error{gpu_id="GPU_2",port_id="NVLink_17",port_protocol="NVLink",port_type="BidirectionalPort",system_id="HGX_Baseboard_0"} 0
redfish_gpu_nvlink_runtime_error{gpu_id="GPU_2",port_id="NVLink_2",port_protocol="NVLink",port_type="BidirectionalPort",system_id="HGX_Baseboard_0"} 0
redfish_gpu_nvlink_runtime_error{gpu_id="GPU_2",port_id="NVLink_3",port_protocol="NVLink",port_type="BidirectionalPort",system_id="HGX_Baseboard_0"} 0
redfish_gpu_nvlink_runtime_error{gpu_id="GPU_2",port_id="NVLink_4",port_protocol="NVLink",port_type="BidirectionalPort",system_id="HGX_Baseboard_0"} 0
redfish_gpu_nvlink_runtime_error{gpu_id="GPU_2",port_id="NVLink_5",port_protocol="NVLink",port_type="BidirectionalPort",system_id="HGX_Baseboard_0"} 0
redfish_gpu_nvlink_runtime_error{gpu_id="GPU_2",port_id="NVLink_6",port_protocol="NVLink",port_type="BidirectionalPort",system_id="HGX_Baseboard_0"} 0
redfish_gpu_nvlink_runtime_error{gpu_id="GPU_2",port_id="NVLink_7",port_protocol="NVLink",port_type="BidirectionalPort",system_id="HGX_Baseboard_0"} 0
redfish_gpu_nvlink_runtime_error{gpu_id="GPU_2",port_id="NVLink_8",port_protocol="NVLink",port_type="BidirectionalPort",system_id="HGX_Baseboard_0"} 0
redfish_gpu_nvlink_runtime_error{gpu_id="GPU_2",port_id="NVLink_9",port_protocol="NVLink",port_type="BidirectionalPort",system_id="HGX_Baseboard_0"} 0
redfish_gpu_nvlink_runtime_error{gpu_id="GPU_3",port_id="NVLink_0",port_protocol="NVLink",port_type="BidirectionalPort",system_id="HGX_Baseboard_0"} 0
redfish_gpu_nvlink_runtime_error{gpu_id="GPU_3",port_id="NVLink_1",port_protocol="NVLink",port_type="BidirectionalPort",system_id="HGX_Baseboard_0"} 0
redfish_gpu_nvlink_runtime_error{gpu_id="GPU_3",port_id="NVLink_10",port_protocol="NVLink",port_type="BidirectionalPort",system_id="HGX_Baseboard_0"} 0
redfish_gpu_nvlink_runtime_error{gpu_id="GPU_3",port_id="NVLink_11",port_protocol="NVLink",port_type="BidirectionalPort",system_id="HGX_Baseboard_0"} 0
redfish_gpu_nvlink_runtime_error{gpu_id="GPU_3",port_id="NVLink_12",port_protocol="NVLink",port_type="BidirectionalPort",system_id="HGX_Baseboard_0"} 0
redfish_gpu_nvlink_runtime_error{gpu_id="GPU_3",port_id="NVLink_13",port_protocol="NVLink",port_type="BidirectionalPort",system_id="HGX_Baseboard_0"} 0
redfish_gpu_nvlink_runtime_error{gpu_id="GPU_3",port_id="NVLink_14",port_protocol="NVLink",port_type="BidirectionalPort",system_id="HGX_Baseboard_0"} 0
redfish_gpu_nvlink_runtime_error{gpu_id="GPU_3",port_id="NVLink_15",port_protocol="NVLink",port_type="BidirectionalPort",system_id="HGX_Baseboard_0"} 0
redfish_gpu_nvlink_runtime_error{gpu_id="GPU_3",port_id="NVLink_16",port_protocol="NVLink",port_type="BidirectionalPort",system_id="HGX_Baseboard_0"} 0
redfish_gpu_nvlink_runtime_error{gpu_id="GPU_3",port_id="NVLink_17",port_protocol="NVLink",port_type="BidirectionalPort",system_id="HGX_Baseboard_0"} 0
redfish_gpu_nvlink_runtime_error{gpu_id="GPU_3",port_id="NVLink_2",port_protocol="NVLink",port_type="BidirectionalPort",system_id="HGX_Baseboard_0"} 0
redfish_gpu_nvlink_runtime_error{gpu_id="GPU_3",port_id="NVLink_3",port_protocol="NVLink",port_type="BidirectionalPort",system_id="HGX_Baseboard_0"} 0
redfish_gpu_nvlink_runtime_error{gpu_id="GPU_3",port_id="NVLink_4",port_protocol="NVLink",port_type="BidirectionalPort",system_id="HGX_Baseboard_0"} 0
redfish_gpu_nvlink_runtime_error{gpu_id="GPU_3",port_id="NVLink_5",port_protocol="NVLink",port_type="BidirectionalPort",system_id="HGX_Baseboard_0"} 0
redfish_gpu_nvlink_runtime_error{gpu_id="GPU_3",port_id="NVLink_6",port_protocol="NVLink",port_type="BidirectionalPort",system_id="HGX_Baseboard_0"} 0
redfish_gpu_nvlink_runtime_error{gpu_id="GPU_3",port_id="NVLink_7",port_protocol="NVLink",port_type="BidirectionalPort",system_id="HGX_Baseboard_0"} 0
redfish_gpu_nvlink_runtime_error{gpu_id="GPU_3",port_id="NVLink_8",port_protocol="NVLink",port_type="BidirectionalPort",system_id="HGX_Baseboard_0"} 0
redfish_gpu_nvlink_runtime_error{gpu_id="GPU_3",port_id="NVLink_9",port_protocol="NVLink",port_type="BidirectionalPort",system_id="HGX_Baseboard_0"} 0
# HELP redfish_gpu_nvlink_state NVLink port state,1(Enabled),2(Disabled),3(StandbyOffinline),4(StandbySpare),5(InTest),6(Starting),7(Absent),8(UnavailableOffline),9(Deferring),10(Quiesced),11(Updating)
# TYPE redfish_gpu_nvlink_state gauge
redfish_gpu_nvlink_state{gpu_id="GPU_0",port_id="NVLink_0",port_protocol="NVLink",port_type="BidirectionalPort",system_id="HGX_Baseboard_0"} 1
redfish_gpu_nvlink_state{gpu_id="GPU_0",port_id="NVLink_1",port_protocol="NVLink",port_type="BidirectionalPort",system_id="HGX_Baseboard_0"} 1
redfish_gpu_nvlink_state{gpu_id="GPU_0",port_id="NVLink_10",port_protocol="NVLink",port_type="BidirectionalPort",system_id="HGX_Baseboard_0"} 1
redfish_gpu_nvlink_state{gpu_id="GPU_0",port_id="NVLink_11",port_protocol="NVLink",port_type="BidirectionalPort",system_id="HGX_Baseboard_0"} 1
redfish_gpu_nvlink_state{gpu_id="GPU_0",port_id="NVLink_12",port_protocol="NVLink",port_type="BidirectionalPort",system_id="HGX_Baseboard_0"} 1
redfish_gpu_nvlink_state{gpu_id="GPU_0",port_id="NVLink_13",port_protocol="NVLink",port_type="BidirectionalPort",system_id="HGX_Baseboard_0"} 1
redfish_gpu_nvlink_state{gpu_id="GPU_0",port_id="NVLink_14",port_protocol="NVLink",port_type="BidirectionalPort",system_id="HGX_Baseboard_0"} 1
redfish_gpu_nvlink_state{gpu_id="GPU_0",port_id="NVLink_15",port_protocol="NVLink",port_type="BidirectionalPort",system_id="HGX_Baseboard_0"} 1
redfish_gpu_nvlink_state{gpu_id="GPU_0",port_id="NVLink_16",port_protocol="NVLink",port_type="BidirectionalPort",system_id="HGX_Baseboard_0"} 1
redfish_gpu_nvlink_state{gpu_id="GPU_0",port_id="NVLink_17",port_protocol="NVLink",port_type="BidirectionalPort",system_id="HGX_Baseboard_0"} 1
redfish_gpu_nvlink_state{gpu_id="GPU_0",port_id="NVLink_2",port_protocol="NVLink",port_type="BidirectionalPort",system_id="HGX_Baseboard_0"} 1
redfish_gpu_nvlink_state{gpu_id="GPU_0",port_id="NVLink_3",port_protocol="NVLink",port_type="BidirectionalPort",system_id="HGX_Baseboard_0"} 1
redfish_gpu_nvlink_state{gpu_id="GPU_0",port_id="NVLink_4",port_protocol="NVLink",port_type="BidirectionalPort",system_id="HGX_Baseboard_0"} 1
redfish_gpu_nvlink_state{gpu_id="GPU_0",port_id="NVLink_5",port_protocol="NVLink",port_type="BidirectionalPort",system_id="HGX_Baseboard_0"} 1
redfish_gpu_nvlink_state{gpu_id="GPU_0",port_id="NVLink_6",port_protocol="NVLink",port_type="BidirectionalPort",system_id="HGX_Baseboard_0"} 1
redfish_gpu_nvlink_state{gpu_id="GPU_0",port_id="NVLink_7",port_protocol="NVLink",port_type="BidirectionalPort",system_id="HGX_Baseboard_0"} 1
redfish_gpu_nvlink_state{gpu_id="GPU_0",port_id="NVLink_8",port_protocol="NVLink",port_type="BidirectionalPort",system_id="HGX_Baseboard_0"} 1
redfish_gpu_nvlink_state{gpu_id="GPU_0",port_id="NVLink_9",port_protocol="NVLink",port_type="BidirectionalPort",system_id="HGX_Baseboard_0"} 1
redfish_gpu_nvlink_state{gpu_id="GPU_1",port_id="NVLink_0",port_protocol="NVLink",port_type="BidirectionalPort",system_id="HGX_Baseboard_0"} 1
redfish_gpu_nvlink_state{gpu_id="GPU_1",port_id="NVLink_1",port_protocol="NVLink",port_type="BidirectionalPort",system_id="HGX_Baseboard_0"} 1
redfish_gpu_nvlink_state{gpu_id="GPU_1",port_id="NVLink_10",port_protocol="NVLink",port_type="BidirectionalPort",system_id="HGX_Baseboard_0"} 1
redfish_gpu_nvlink_state{gpu_id="GPU_1",port_id="NVLink_11",port_protocol="NVLink",port_type="BidirectionalPort",system_id="HGX_Baseboard_0"} 1
redfish_gpu_nvlink_state{gpu_id="GPU_1",port_id="NVLink_12",port_protocol="NVLink",port_type="BidirectionalPort",system_id="HGX_Baseboard_0"} 1
redfish_gpu_nvlink_state{gpu_id="GPU_1",port_id="NVLink_13",port_protocol="NVLink",port_type="BidirectionalPort",system_id="HGX_Baseboard_0"} 1
redfish_gpu_nvlink_state{gpu_id="GPU_1",port_id="NVLink_14",port_protocol="NVLink",port_type="BidirectionalPort",system_id="HGX_Baseboard_0"} 1
redfish_gpu_nvlink_state{gpu_id="GPU_1",port_id="NVLink_15",port_protocol="NVLink",port_type="BidirectionalPort",system_id="HGX_Baseboard_0"} 1
redfish_gpu_nvlink_state{gpu_id="GPU_1",port_id="NVLink_16",port_protocol="NVLink",port_type="BidirectionalPort",system_id="HGX_Baseboard_0"} 1
redfish_gpu_nvlink_state{gpu_id="GPU_1",port_id="NVLink_17",port_protocol="NVLink",port_type="BidirectionalPort",system_id="HGX_Baseboard_0"} 1
redfish_gpu_nvlink_state{gpu_id="GPU_1",port_id="NVLink_2",port_protocol="NVLink",port_type="BidirectionalPort",system_id="HGX_Baseboard_0"} 1
redfish_gpu_nvlink_state{gpu_id="GPU_1",port_id="NVLink_3",port_protocol="NVLink",port_type="BidirectionalPort",system_id="HGX_Baseboard_0"} 1
redfish_gpu_nvlink_state{gpu_id="GPU_1",port_id="NVLink_4",port_protocol="NVLink",port_type="BidirectionalPort",system_id="HGX_Baseboard_0"} 1
redfish_gpu_nvlink_state{gpu_id="GPU_1",port_id="NVLink_5",port_protocol="NVLink",port_type="BidirectionalPort",system_id="HGX_Baseboard_0"} 1
redfish_gpu_nvlink_state{gpu_id="GPU_1",port_id="NVLink_6",port_protocol="NVLink",port_type="BidirectionalPort",system_id="HGX_Baseboard_0"} 1
redfish_gpu_nvlink_state{gpu_id="GPU_1",port_id="NVLink_7",port_protocol="NVLink",port_type="BidirectionalPort",system_id="HGX_Baseboard_0"} 1
redfish_gpu_nvlink_state{gpu_id="GPU_1",port_id="NVLink_8",port_protocol="NVLink",port_type="BidirectionalPort",system_id="HGX_Baseboard_0"} 1
redfish_gpu_nvlink_state{gpu_id="GPU_1",port_id="NVLink_9",port_protocol="NVLink",port_type="BidirectionalPort",system_id="HGX_Baseboard_0"} 1
redfish_gpu_nvlink_state{gpu_id="GPU_2",port_id="NVLink_0",port_protocol="NVLink",port_type="BidirectionalPort",system_id="HGX_Baseboard_0"} 1
redfish_gpu_nvlink_state{gpu_id="GPU_2",port_id="NVLink_1",port_protocol="NVLink",port_type="BidirectionalPort",system_id="HGX_Baseboard_0"} 1
redfish_gpu_nvlink_state{gpu_id="GPU_2",port_id="NVLink_10",port_protocol="NVLink",port_type="BidirectionalPort",system_id="HGX_Baseboard_0"} 1
redfish_gpu_nvlink_state{gpu_id="GPU_2",port_id="NVLink_11",port_protocol="NVLink",port_type="BidirectionalPort",system_id="HGX_Baseboard_0"} 1
redfish_gpu_nvlink_state{gpu_id="GPU_2",port_id="NVLink_12",port_protocol="NVLink",port_type="BidirectionalPort",system_id="HGX_Baseboard_0"} 1
redfish_gpu_nvlink_state{gpu_id="GPU_2",port_id="NVLink_13",port_protocol="NVLink",port_type="BidirectionalPort",system_id="HGX_Baseboard_0"} 1
redfish_gpu_nvlink_state{gpu_id="GPU_2",port_id="NVLink_14",port_protocol="NVLink",port_type="BidirectionalPort",system_id="HGX_Baseboard_0"} 1
redfish_gpu_nvlink_state{gpu_id="GPU_2",port_id="NVLink_15",port_protocol="NVLink",port_type="BidirectionalPort",system_id="HGX_Baseboard_0"} 1
redfish_gpu_nvlink_state{gpu_id="GPU_2",port_id="NVLink_16",port_protocol="NVLink",port_type="BidirectionalPort",system_id="HGX_Baseboard_0"} 1
redfish_gpu_nvlink_state{gpu_id="GPU_2",port_id="NVLink_17",port_protocol="NVLink",port_type="BidirectionalPort",system_id="HGX_Baseboard_0"} 1
redfish_gpu_nvlink_state{gpu_id="GPU_2",port_id="NVLink_2",port_protocol="NVLink",port_type="BidirectionalPort",system_id="HGX_Baseboard_0"} 1
redfish_gpu_nvlink_state{gpu_id="GPU_2",port_id="NVLink_3",port_protocol="NVLink",port_type="BidirectionalPort",system_id="HGX_Baseboard_0"} 1
redfish_gpu_nvlink_state{gpu_id="GPU_2",port_id="NVLink_4",port_protocol="NVLink",port_type="BidirectionalPort",system_id="HGX_Baseboard_0"} 1
redfish_gpu_nvlink_state{gpu_id="GPU_2",port_id="NVLink_5",port_protocol="NVLink",port_type="BidirectionalPort",system_id="HGX_Baseboard_0"} 5
redfish_gpu_nvlink_state{gpu_id="GPU_2",port_id="NVLink_6",port_protocol="NVLink",port_type="BidirectionalPort",system_id="HGX_Baseboard_0"} 1
redfish_gpu_nvlink_state{gpu_id="GPU_2",port_id="NVLink_7",port_protocol="NVLink",port_type="BidirectionalPort",system_id="HGX_Baseboard_0"} 1
redfish_gpu_nvlink_state{gpu_id="GPU_2",port_id="NVLink_8",port_protocol="NVLink",port_type="BidirectionalPort",system_id="HGX_Baseboard_0"} 1
redfish_gpu_nvlink_state{gpu_id="GPU_2",port_id="NVLink_9",port_protocol="NVLink",port_type="BidirectionalPort",system_id="HGX_Baseboard_0"} 1
redfish_gpu_nvlink_state{gpu_id="GPU_3",port_id="NVLink_0",port_protocol="NVLink",port_type="BidirectionalPort",system_id="HGX_Baseboard_0"} 1
redfish_gpu_nvlink_state{gpu_id="GPU_3",port_id="NVLink_1",port_protocol="NVLink",port_type="BidirectionalPort",system_id="HGX_Baseboard_0"} 1
redfish_gpu_nvlink_state{gpu_id="GPU_3",port_id="NVLink_10",port_protocol="NVLink",port_type="BidirectionalPort",system_id="HGX_Baseboard_0"} 1
redfish_gpu_nvlink_state{gpu_id="GPU_3",port_id="NVLink_11",port_protocol="NVLink",port_type="BidirectionalPort",system_id="HGX_Baseboard_0"} 1
redfish_gpu_nvlink_state{gpu_id="GPU_3",port_id="NVLink_12",port_protocol="NVLink",port_type="BidirectionalPort",system_id="HGX_Baseboard_0"} 1
redfish_gpu_nvlink_state{gpu_id="GPU_3",port_id="NVLink_13",port_protocol="NVLink",port_type="BidirectionalPort",system_id="HGX_Baseboard_0"} 1
redfish_gpu_nvlink_state{gpu_id="GPU_3",port_id="NVLink_14",port_protocol="NVLink",port_type="BidirectionalPort",system_id="HGX_Baseboard_0"} 1
redfish_gpu_nvlink_state{gpu_id="GPU_3",port_id="NVLink_15",port_protocol="NVLink",port_type="BidirectionalPort",system_id="HGX_Baseboard_0"} 1
redfish_gpu_nvlink_state{gpu_id="GPU_3",port_id="NVLink_16",port_protocol="NVLink",port_type="BidirectionalPort",system_id="HGX_Baseboard_0"} 1
redfish_gpu_nvlink_state{gpu_id="GPU_3",port_id="NVLink_17",port_protocol="NVLink",port_type="BidirectionalPort",system_id="HGX_Baseboard_0"} 1
redfish_gpu_nvlink_state{gpu_id="GPU_3",port_id="NVLink_2",port_protocol="NVLink",port_type="BidirectionalPort",system_id="HGX_Baseboard_0"} 1
redfish_gpu_nvlink_state{gpu_id="GPU_3",port_id="NVLink_3",port_protocol="NVLink",port_type="BidirectionalPort",system_id="HGX_Baseboard_0"} 1
redfish_gpu_nvlink_state{gpu_id="GPU_3",port_id="NVLink_4",port_protocol="NVLink",port_type="BidirectionalPort",system_id="HGX_Baseboard_0"} 1
redfish_gpu_nvlink_state{gpu_id="GPU_3",port_id="NVLink_5",port_protocol="NVLink",port_type="BidirectionalPort",system_id="HGX_Baseboard_0"} 1
redfish_gpu_nvlink_state{gpu_id="GPU_3",port_id="NVLink_6",port_protocol="NVLink",port_type="BidirectionalPort",system_id="HGX_Baseboard_0"} 1
redfish_gpu_nvlink_state{gpu_id="GPU_3",port_id="NVLink_7",port_protocol="NVLink",port_type="BidirectionalPort",system_id="HGX_Baseboard_0"} 1
redfish_gpu_nvlink_state{gpu_id="GPU_3",port_id="NVLink_8",port_protocol="NVLink",port_type="BidirectionalPort",system_id="HGX_Baseboard_0"} 1
redfish_gpu_nvlink_state{gpu_id="GPU_3",port_id="NVLink_9",port_protocol="NVLink",port_type="BidirectionalPort",system_id="HGX_Baseboard_0"} 1
# HELP redfish_gpu_nvlink_symbol_errors NVLink symbol error count
# TYPE redfish_gpu_nvlink_symbol_errors gauge
redfish_gpu_nvlink_symbol_errors{gpu_id="GPU_0",port_id="NVLink_0",port_protocol="NVLink",port_type="BidirectionalPort",system_id="HGX_Baseboard_0"} 0
redfish_gpu_nvlink_symbol_errors{gpu_id="GPU_0",port_id="NVLink_1",port_protocol="NVLink",port_type="BidirectionalPort",system_id="HGX_Baseboard_0"} 0
redfish_gpu_nvlink_symbol_errors{gpu_id="GPU_0",port_id="NVLink_10",port_protocol="NVLink",port_type="BidirectionalPort",system_id="HGX_Baseboard_0"} 0
redfish_gpu_nvlink_symbol_errors{gpu_id="GPU_0",port_id="NVLink_11",port_protocol="NVLink",port_type="BidirectionalPort",system_id="HGX_Baseboard_0"} 0
redfish_gpu_nvlink_symbol_errors{gpu_id="GPU_0",port_id="NVLink_12",port_protocol="NVLink",port_type="BidirectionalPort",system_id="HGX_Baseboard_0"} 0
redfish_gpu_nvlink_symbol_errors{gpu_id="GPU_0",port_id="NVLink_13",port_protocol="NVLink",port_type="BidirectionalPort",system_id="HGX_Baseboard_0"} 0
redfish_gpu_nvlink_symbol_errors{gpu_id="GPU_0",port_id="NVLink_14",port_protocol="NVLink",port_type="BidirectionalPort",system_id="HGX_Baseboard_0"} 0
redfish_gpu_nvlink_symbol_errors{gpu_id="GPU_0",port_id="NVLink_15",port_protocol="NVLink",port_type="BidirectionalPort",system_id="HGX_Baseboard_0"} 0
redfish_gpu_nvlink_symbol_errors{gpu_id="GPU_0",port_id="NVLink_16",port_protocol="NVLink",port_type="BidirectionalPort",system_id="HGX_Baseboard_0"} 0
redfish_gpu_nvlink_symbol_errors{gpu_id="GPU_0",port_id="NVLink_17",port_protocol="NVLink",port_type="BidirectionalPort",system_id="HGX_Baseboard_0"} 0
redfish_gpu_nvlink_symbol_errors{gpu_id="GPU_0",port_id="NVLink_2",port_protocol="NVLink",port_type="BidirectionalPort",system_id="HGX_Baseboard_0"} 0
redfish_gpu_nvlink_symbol_errors{gpu_id="GPU_0",port_id="NVLink_3",port_protocol="NVLink",port_type="BidirectionalPort",system_id="HGX_Baseboard_0"} 0
redfish_gpu_nvlink_symbol_errors{gpu_id="GPU_0",port_id="NVLink_4",port_protocol="NVLink",port_type="BidirectionalPort",system_id="HGX_Baseboard_0"} 0
redfish_gpu_nvlink_symbol_errors{gpu_id="GPU_0",port_id="NVLink_5",port_protocol="NVLink",port_type="BidirectionalPort",system_id="HGX_Baseboard_0"} 0
redfish_gpu_nvlink_symbol_errors{gpu_id="GPU_0",port_id="NVLink_6",port_protocol="NVLink",port_type="BidirectionalPort",system_id="HGX_Baseboard_0"} 0
redfish_gpu_nvlink_symbol_errors{gpu_id="GPU_0",port_id="NVLink_7",port_protocol="NVLink",port_type="BidirectionalPort",system_id="HGX_Baseboard_0"} 0
redfish_gpu_nvlink_symbol_errors{gpu_id="GPU_0",port_id="NVLink_8",port_protocol="NVLink",port_type="BidirectionalPort",system_id="HGX_Baseboard_0"} 0
redfish_gpu_nvlink_symbol_errors{gpu_id="GPU_0",port_id="NVLink_9",port_protocol="NVLink",port_type="BidirectionalPort",system_id="HGX_Baseboard_0"} 0
redfish_gpu_nvlink_symbol_errors{gpu_id="GPU_1",port_id="NVLink_0",port_protocol="NVLink",port_type="BidirectionalPort",system_id="HGX_Baseboard_0"} 0
redfish_gpu_nvlink_symbol_errors{gpu_id="GPU_1",port_id="NVLink_1",port_protocol="NVLink",port_type="BidirectionalPort",system_id="HGX_Baseboard_0"} 0
redfish_gpu_nvlink_symbol_errors{gpu_id="GPU_1",port_id="NVLink_10",port_protocol="NVLink",port_type="BidirectionalPort",system_id="HGX_Baseboard_0"} 0
redfish_gpu_nvlink_symbol_errors{gpu_id="GPU_1",port_id="NVLink_11",port_protocol="NVLink",port_type="BidirectionalPort",system_id="HGX_Baseboard_0"} 0
redfish_gpu_nvlink_symbol_errors{gpu_id="GPU_1",port_id="NVLink_12",port_protocol="NVLink",port_type="BidirectionalPort",system_id="HGX_Baseboard_0"} 0
redfish_gpu_nvlink_symbol_errors{gpu_id="GPU_1",port_id="NVLink_13",port_protocol="NVLink",port_type="BidirectionalPort",system_id="HGX_Baseboard_0"} 0
redfish_gpu_nvlink_symbol_errors{gpu_id="GPU_1",port_id="NVLink_14",port_protocol="NVLink",port_type="BidirectionalPort",system_id="HGX_Baseboard_0"} 0
redfish_gpu_nvlink_symbol_errors{gpu_id="GPU_1",port_id="NVLink_15",port_protocol="NVLink",port_type="BidirectionalPort",system_id="HGX_Baseboard_0"} 0
redfish_gpu_nvlink_symbol_errors{gpu_id="GPU_1",port_id="NVLink_16",port_protocol="NVLink",port_type="BidirectionalPort",system_id="HGX_Baseboard_0"} 0
redfish_gpu_nvlink_symbol_errors{gpu_id="GPU_1",port_id="NVLink_17",port_protocol="NVLink",port_type="BidirectionalPort",system_id="HGX_Baseboard_0"} 0
redfish_gpu_nvlink_symbol_errors{gpu_id="GPU_1",port_id="NVLink_2",port_protocol="NVLink",port_type="BidirectionalPort",system_id="HGX_Baseboard_0"} 0
redfish_gpu_nvlink_symbol_errors{gpu_id="GPU_1",port_id="NVLink_3",port_protocol="NVLink",port_type="BidirectionalPort",system_id="HGX_Baseboard_0"} 0
redfish_gpu_nvlink_symbol_errors{gpu_id="GPU_1",port_id="NVLink_4",port_protocol="NVLink",port_type="BidirectionalPort",system_id="HGX_Baseboard_0"} 0
redfish_gpu_nvlink_symbol_errors{gpu_id="GPU_1",port_id="NVLink_5",port_protocol="NVLink",port_type="BidirectionalPort",system_id="HGX_Baseboard_0"} 0
redfish_gpu_nvlink_symbol_errors{gpu_id="GPU_1",port_id="NVLink_6",port_protocol="NVLink",port_type="BidirectionalPort",system_id="HGX_Baseboard_0"} 0
redfish_gpu_nvlink_symbol_errors{gpu_id="GPU_1",port_id="NVLink_7",port_protocol="NVLink",port_type="BidirectionalPort",system_id="HGX_Baseboard_0"} 0
redfish_gpu_nvlink_symbol_errors{gpu_id="GPU_1",port_id="NVLink_8",port_protocol="NVLink",port_type="BidirectionalPort",system_id="HGX_Baseboard_0"} 0
redfish_gpu_nvlink_symbol_errors{gpu_id="GPU_1",port_id="NVLink_9",port_protocol="NVLink",port_type="BidirectionalPort",system_id="HGX_Baseboard_0"} 0
redfish_gpu_nvlink_symbol_errors{gpu_id="GPU_2",port_id="NVLink_0",port_protocol="NVLink",port_type="BidirectionalPort",system_id="HGX_Baseboard_0"} 0
redfish_gpu_nvlink_symbol_errors{gpu_id="GPU_2",port_id="NVLink_1",port_protocol="NVLink",port_type="BidirectionalPort",system_id="HGX_Baseboard_0"} 0
redfish_gpu_nvlink_symbol_errors{gpu_id="GPU_2",port_id="NVLink_10",port_protocol="NVLink",port_type="BidirectionalPort",system_id="HGX_Baseboard_0"} 0
redfish_gpu_nvlink_symbol_errors{gpu_id="GPU_2",port_id="NVLink_11",port_protocol="NVLink",port_type="BidirectionalPort",system_id="HGX_Baseboard_0"} 0
redfish_gpu_nvlink_symbol_errors{gpu_id="GPU_2",port_id="NVLink_12",port_protocol="NVLink",port_type="BidirectionalPort",system_id="HGX_Baseboard_0"} 12093015
redfish_gpu_nvlink_symbol_errors{gpu_id="GPU_2",port_id="NVLink_13",port_protocol="NVLink",port_type="BidirectionalPort",system_id="HGX_Baseboard_0"} 0
redfish_gpu_nvlink_symbol_errors{gpu_id="GPU_2",port_id="NVLink_14",port_protocol="NVLink",port_type="BidirectionalPort",system_id="HGX_Baseboard_0"} 0
redfish_gpu_nvlink_symbol_errors{gpu_id="GPU_2",port_id="NVLink_15",port_protocol="NVLink",port_type="BidirectionalPort",system_id="HGX_Baseboard_0"} 0
redfish_gpu_nvlink_symbol_errors{gpu_id="GPU_2",port_id="NVLink_16",port_protocol="NVLink",port_type="BidirectionalPort",system_id="HGX_Baseboard_0"} 0
redfish_gpu_nvlink_symbol_errors{gpu_id="GPU_2",port_id="NVLink_17",port_protocol="NVLink",port_type="BidirectionalPort",system_id="HGX_Baseboard_0"} 0
redfish_gpu_nvlink_symbol_errors{gpu_id="GPU_2",port_id="NVLink_2",port_protocol="NVLink",port_type="BidirectionalPort",system_id="HGX_Baseboard_0"} 0
redfish_gpu_nvlink_symbol_errors{gpu_id="GPU_2",port_id="NVLink_3",port_protocol="NVLink",port_type="BidirectionalPort",system_id="HGX_Baseboard_0"} 0
redfish_gpu_nvlink_symbol_errors{gpu_id="GPU_2",port_id="NVLink_4",port_protocol="NVLink",port_type="BidirectionalPort",system_id="HGX_Baseboard_0"} 0
redfish_gpu_nvlink_symbol_errors{gpu_id="GPU_2",port_id="NVLink_5",port_protocol="NVLink",port_type="BidirectionalPort",system_id="HGX_Baseboard_0"} 0
redfish_gpu_nvlink_symbol_errors{gpu_id="GPU_2",port_id="NVLink_6",port_protocol="NVLink",port_type="BidirectionalPort",system_id="HGX_Baseboard_0"} 0
redfish_gpu_nvlink_symbol_errors{gpu_id="GPU_2",port_id="NVLink_7",port_protocol="NVLink",port_type="BidirectionalPort",system_id="HGX_Baseboard_0"} 0
redfish_gpu_nvlink_symbol_errors{gpu_id="GPU_2",port_id="NVLink_8",port_protocol="NVLink",port_type="BidirectionalPort",system_id="HGX_Baseboard_0"} 0
redfish_gpu_nvlink_symbol_errors{gpu_id="GPU_2",port_id="NVLink_9",port_protocol="NVLink",port_type="BidirectionalPort",system_id="HGX_Baseboard_0"} 0
redfish_gpu_nvlink_symbol_errors{gpu_id="GPU_3",port_id="NVLink_0",port_protocol="NVLink",port_type="BidirectionalPort",system_id="HGX_Baseboard_0"} 0
redfish_gpu_nvlink_symbol_errors{gpu_id="GPU_3",port_id="NVLink_1",port_protocol="NVLink",port_type="BidirectionalPort",system_id="HGX_Baseboard_0"} 0
redfish_gpu_nvlink_symbol_errors{gpu_id="GPU_3",port_id="NVLink_10",port_protocol="NVLink",port_type="BidirectionalPort",system_id="HGX_Baseboard_0"} 0
redfish_gpu_nvlink_symbol_errors{gpu_id="GPU_3",port_id="NVLink_11",port_protocol="NVLink",port_type="BidirectionalPort",system_id="HGX_Baseboard_0"} 0
redfish_gpu_nvlink_symbol_errors{gpu_id="GPU_3",port_id="NVLink_12",port_protocol="NVLink",port_type="BidirectionalPort",system_id="HGX_Baseboard_0"} 0
redfish_gpu_nvlink_symbol_errors{gpu_id="GPU_3",port_id="NVLink_13",port_protocol="NVLink",port_type="BidirectionalPort",system_id="HGX_Baseboard_0"} 0
redfish_gpu_nvlink_symbol_errors{gpu_id="GPU_3",port_id="NVLink_14",port_protocol="NVLink",port_type="BidirectionalPort",system_id="HGX_Baseboard_0"} 0
redfish_gpu_nvlink_symbol_errors{gpu_id="GPU_3",port_id="NVLink_15",port_protocol="NVLink",port_type="BidirectionalPort",system_id="HGX_Baseboard_0"} 0
redfish_gpu_nvlink_symbol_errors{gpu_id="GPU_3",port_id="NVLink_16",port_protocol="NVLink",port_type="BidirectionalPort",system_id="HGX_Baseboard_0"} 0
redfish_gpu_nvlink_symbol_errors{gpu_id="GPU_3",port_id="NVLink_17",port_protocol="NVLink",port_type="BidirectionalPort",system_id="HGX_Baseboard_0"} 0
redfish_gpu_nvlink_symbol_errors{gpu_id="GPU_3",port_id="NVLink_2",port_protocol="NVLink",port_type="BidirectionalPort",system_id="HGX_Baseboard_0"} 0
redfish_gpu_nvlink_symbol_errors{gpu_id="GPU_3",port_id="NVLink_3",port_protocol="NVLink",port_type="BidirectionalPort",system_id="HGX_Baseboard_0"} 0
redfish_gpu_nvlink_symbol_errors{gpu_id="GPU_3",port_id="NVLink_4",port_protocol="NVLink",port_type="BidirectionalPort",system_id="HGX_Baseboard_0"} 0
redfish_gpu_nvlink_symbol_errors{gpu_id="GPU_3",port_id="NVLink_5",port_protocol="NVLink",port_type="BidirectionalPort",system_id="HGX_Baseboard_0"} 0
redfish_gpu_nvlink_symbol_errors{gpu_id="GPU_3",port_id="NVLink_6",port_protocol="NVLink",port_type="BidirectionalPort",system_id="HGX_Baseboard_0"} 0
redfish_gpu_nvlink_symbol_errors{gpu_id="GPU_3",port_id="NVLink_7",port_protocol="NVLink",port_type="BidirectionalPort",system_id="HGX_Baseboard_0"} 0
redfish_gpu_nvlink_symbol_errors{gpu_id="GPU_3",port_id="NVLink_8",port_protocol="NVLink",port_type="BidirectionalPort",system_id="HGX_Baseboard_0"} 0
redfish_gpu_nvlink_symbol_errors{gpu_id="GPU_3",port_id="NVLink_9",port_protocol="NVLink",port_type="BidirectionalPort",system_id="HGX_Baseboard_0"} 0
# HELP redfish_gpu_nvlink_training_error NVLink training error status (1 if error)
# TYPE redfish_gpu_nvlink_training_error gauge
redfish_gpu_nvlink_training_error{gpu_id="GPU_0",port_id="NVLink_0",port_protocol="NVLink",port_type="BidirectionalPort",system_id="HGX_Baseboard_0"} 0
redfish_gpu_nvlink_training_error{gpu_id="GPU_0",port_id="NVLink_1",port_protocol="NVLink",port_type="BidirectionalPort",system_id="HGX_Baseboard_0"} 0
redfish_gpu_nvlink_training_error{gpu_id="GPU_0",port_id="NVLink_10",port_protocol="NVLink",port_type="BidirectionalPort",system_id="HGX_Baseboard_0"} 0
redfish_gpu_nvlink_training_error{gpu_id="GPU_0",port_id="NVLink_11",port_protocol="NVLink",port_type="BidirectionalPort",system_id="HGX_Baseboard_0"} 0
redfish_gpu_nvlink_training_error{gpu_id="GPU_0",port_id="NVLink_12",port_protocol="NVLink",port_type="BidirectionalPort",system_id="HGX_Baseboard_0"} 0
redfish_gpu_nvlink_training_error{gpu_id="GPU_0",port_id="NVLink_13",port_protocol="NVLink",port_type="BidirectionalPort",system_id="HGX_Baseboard_0"} 0
redfish_gpu_nvlink_training_error{gpu_id="GPU_0",port_id="NVLink_14",port_protocol="NVLink",port_type="BidirectionalPort",system_id="HGX_Baseboard_0"} 0
redfish_gpu_nvlink_training_error{gpu_id="GPU_0",port_id="NVLink_15",port_protocol="NVLink",port_type="BidirectionalPort",system_id="HGX_Baseboard_0"} 0
redfish_gpu_nvlink_training_error{gpu_id="GPU_0",port_id="NVLink_16",port_protocol="NVLink",port_type="BidirectionalPort",system_id="HGX_Baseboard_0"} 0
redfish_gpu_nvlink_training_error{gpu_id="GPU_0",port_id="NVLink_17",port_protocol="NVLink",port_type="BidirectionalPort",system_id="HGX_Baseboard_0"} 0
redfish_gpu_nvlink_training_error{gpu_id="GPU_0",port_id="NVLink_2",port_protocol="NVLink",port_type="BidirectionalPort",system_id="HGX_Baseboard_0"} 0
redfish_gpu_nvlink_training_error{gpu_id="GPU_0",port_id="NVLink_3",port_protocol="NVLink",port_type="BidirectionalPort",system_id="HGX_Baseboard_0"} 0
redfish_gpu_nvlink_training_error{gpu_id="GPU_0",port_id="NVLink_4",port_protocol="NVLink",port_type="BidirectionalPort",system_id="HGX_Baseboard_0"} 0
redfish_gpu_nvlink_training_error{gpu_id="GPU_0",port_id="NVLink_5",port_protocol="NVLink",port_type="BidirectionalPort",system_id="HGX_Baseboard_0"} 0
redfish_gpu_nvlink_training_error{gpu_id="GPU_0",port_id="NVLink_6",port_protocol="NVLink",port_type="BidirectionalPort",system_id="HGX_Baseboard_0"} 0
redfish_gpu_nvlink_training_error{gpu_id="GPU_0",port_id="NVLink_7",port_protocol="NVLink",port_type="BidirectionalPort",system_id="HGX_Baseboard_0"} 0
redfish_gpu_nvlink_training_error{gpu_id="GPU_0",port_id="NVLink_8",port_protocol="NVLink",port_type="BidirectionalPort",system_id="HGX_Baseboard_0"} 0
redfish_gpu_nvlink_training_error{gpu_id="GPU_0",port_id="NVLink_9",port_protocol="NVLink",port_type="BidirectionalPort",system_id="HGX_Baseboard_0"} 0
redfish_gpu_nvlink_training_error{gpu_id="GPU_1",port_id="NVLink_0",port_protocol="NVLink",port_type="BidirectionalPort",system_id="HGX_Baseboard_0"} 0
redfish_gpu_nvlink_training_error{gpu_id="GPU_1",port_id="NVLink_1",port_protocol="NVLink",port_type="BidirectionalPort",system_id="HGX_Baseboard_0"} 0
redfish_gpu_nvlink_training_error{gpu_id="GPU_1",port_id="NVLink_10",port_protocol="NVLink",port_type="BidirectionalPort",system_id="HGX_Baseboard_0"} 0
redfish_gpu_nvlink_training_error{gpu_id="GPU_1",port_id="NVLink_11",port_protocol="NVLink",port_type="BidirectionalPort",system_id="HGX_Baseboard_0"} 0
redfish_gpu_nvlink_training_error{gpu_id="GPU_1",port_id="NVLink_12",port_protocol="NVLink",port_type="BidirectionalPort",system_id="HGX_Baseboard_0"} 0
redfish_gpu_nvlink_training_error{gpu_id="GPU_1",port_id="NVLink_13",port_protocol="NVLink",port_type="BidirectionalPort",system_id="HGX_Baseboard_0"} 0
redfish_gpu_nvlink_training_error{gpu_id="GPU_1",port_id="NVLink_14",port_protocol="NVLink",port_type="BidirectionalPort",system_id="HGX_Baseboard_0"} 0
redfish_gpu_nvlink_training_error{gpu_id="GPU_1",port_id="NVLink_15",port_protocol="NVLink",port_type="BidirectionalPort",system_id="HGX_Baseboard_0"} 0
redfish_gpu_nvlink_training_error{gpu_id="GPU_1",port_id="NVLink_16",port_protocol="NVLink",port_type="BidirectionalPort",system_id="HGX_Baseboard_0"} 0
redfish_gpu_nvlink_training_error{gpu_id="GPU_1",port_id="NVLink_17",port_protocol="NVLink",port_type="BidirectionalPort",system_id="HGX_Baseboard_0"} 0
redfish_gpu_nvlink_training_error{gpu_id="GPU_1",port_id="NVLink_2",port_protocol="NVLink",port_type="BidirectionalPort",system_id="HGX_Baseboard_0"} 0
redfish_gpu_nvlink_training_error{gpu_id="GPU_1",port_id="NVLink_3",port_protocol="NVLink",port_type="BidirectionalPort",system_id="HGX_Baseboard_0"} 0
redfish_gpu_nvlink_training_error{gpu_id="GPU_1",port_id="NVLink_4",port_protocol="NVLink",port_type="BidirectionalPort",system_id="HGX_Baseboard_0"} 0
redfish_gpu_nvlink_training_error{gpu_id="GPU_1",port_id="NVLink_5",port_protocol="NVLink",port_type="BidirectionalPort",system_id="HGX_Baseboard_0"} 0
redfish_gpu_nvlink_training_error{gpu_id="GPU_1",port_id="NVLink_6",port_protocol="NVLink",port_type="BidirectionalPort",system_id="HGX_Baseboard_0"} 0
redfish_gpu_nvlink_training_error{gpu_id="GPU_1",port_id="NVLink_7",port_protocol="NVLink",port_type="BidirectionalPort",system_id="HGX_Baseboard_0"} 0
redfish_gpu_nvlink_training_error{gpu_id="GPU_1",port_id="NVLink_8",port_protocol="NVLink",port_type="BidirectionalPort",system_id="HGX_Baseboard_0"} 0
redfish_gpu_nvlink_training_error{gpu_id="GPU_1",port_id="NVLink_9",port_protocol="NVLink",port_type="BidirectionalPort",system_id="HGX_Baseboard_0"} 0
redfish_gpu_nvlink_training_error{gpu_id="GPU_2",port_id="NVLink_0",port_protocol="NVLink",port_type="BidirectionalPort",system_id="HGX_Baseboard_0"} 0
redfish_gpu_nvlink_training_error{gpu_id="GPU_2",port_id="NVLink_1",port_protocol="NVLink",port_type="BidirectionalPort",system_id="HGX_Baseboard_0"} 0
redfish_gpu_nvlink_training_error{gpu_id="GPU_2",port_id="NVLink_10",port_protocol="NVLink",port_type="BidirectionalPort",system_id="HGX_Baseboard_0"} 0
redfish_gpu_nvlink_training_error{gpu_id="GPU_2",port_id="NVLink_11",port_protocol="NVLink",port_type="BidirectionalPort",system_id="HGX_Baseboard_0"} 0
redfish_gpu_nvlink_training_error{gpu_id="GPU_2",port_id="NVLink_12",port_protocol="NVLink",port_type="BidirectionalPort",system_id="HGX_Baseboard_0"} 0
redfish_gpu_nvlink_training_error{gpu_id="GPU_2",port_id="NVLink_13",port_protocol="NVLink",port_type="BidirectionalPort",system_id="HGX_Baseboard_0"} 0
redfish_gpu_nvlink_training_error{gpu_id="GPU_2",port_id="NVLink_14",port_protocol="NVLink",port_type="BidirectionalPort",system_id="HGX_Baseboard_0"} 0
redfish_gpu_nvlink_training_error{gpu_id="GPU_2",port_id="NVLink_15",port_protocol="NVLink",port_type="BidirectionalPort",system_id="HGX_Baseboard_0"} 0
redfish_gpu_nvlink_training_error{gpu_id="GPU_2",port_id="NVLink_16",port_protocol="NVLink",port_type="BidirectionalPort",system_id="HGX_Baseboard_0"} 0
redfish_gpu_nvlink_training_error{gpu_id="GPU_2",port_id="NVLink_17",port_protocol="NVLink",port_type="BidirectionalPort",system_id="HGX_Baseboard_0"} 0
redfish_gpu_nvlink_training_error{gpu_id="GPU_2",port_id="NVLink_2",port_protocol="NVLink",port_type="BidirectionalPort",system_id="HGX_Baseboard_0"} 0
redfish_gpu_nvlink_training_error{gpu_id="GPU_2",port_id="NVLink_3",port_protocol="NVLink",port_type="BidirectionalPort",system_id="HGX_Baseboard_0"} 0
redfish_gpu_nvlink_training_error{gpu_id="GPU_2",port_id="NVLink_4",port_protocol="NVLink",port_type="BidirectionalPort",system_id="HGX_Baseboard_0"} 0
redfish_gpu_nvlink_training_error{gpu_id="GPU_2",port_id="NVLink_5",port_protocol="NVLink",port_type="BidirectionalPort",system_id="HGX_Baseboard_0"} 0
redfish_gpu_nvlink_training_error{gpu_id="GPU_2",port_id="NVLink_6",port_protocol="NVLink",port_type="BidirectionalPort",system_id="HGX_Baseboard_0"} 0
redfish_gpu_nvlink_training_error{gpu_id="GPU_2",port_id="NVLink_7",port_protocol="NVLink",port_type="BidirectionalPort",system_id="HGX_Baseboard_0"} 0
redfish_gpu_nvlink_training_error{gpu_id="GPU_2",port_id="NVLink_8",port_protocol="NVLink",port_type="BidirectionalPort",system_id="HGX_Baseboard_0"} 0
redfish_gpu_nvlink_training_error{gpu_id="GPU_2",port_id="NVLink_9",port_protocol="NVLink",port_type="BidirectionalPort",system_id="HGX_Baseboard_0"} 0
redfish_gpu_nvlink_training_error{gpu_id="GPU_3",port_id="NVLink_0",port_protocol="NVLink",port_type="BidirectionalPort",system_id="HGX_Baseboard_0"} 0
redfish_gpu_nvlink_training_error{gpu_id="GPU_3",port_id="NVLink_1",port_protocol="NVLink",port_type="BidirectionalPort",system_id="HGX_Baseboard_0"} 0
redfish_gpu_nvlink_training_error{gpu_id="GPU_3",port_id="NVLink_10",port_protocol="NVLink",port_type="BidirectionalPort",system_id="HGX_Baseboard_0"} 0
redfish_gpu_nvlink_training_error{gpu_id="GPU_3",port_id="NVLink_11",port_protocol="NVLink",port_type="BidirectionalPort",system_id="HGX_Baseboard_0"} 0
redfish_gpu_nvlink_training_error{gpu_id="GPU_3",port_id="NVLink_12",port_protocol="NVLink",port_type="BidirectionalPort",system_id="HGX_Baseboard_0"} 0
redfish_gpu_nvlink_training_error{gpu_id="GPU_3",port_id="NVLink_13",port_protocol="NVLink",port_type="BidirectionalPort",system_id="HGX_Baseboard_0"} 0
redfish_gpu_nvlink_training_error{gpu_id="GPU_3",port_id="NVLink_14",port_protocol="NVLink",port_type="BidirectionalPort",system_id="HGX_Baseboard_0"} 0
redfish_gpu_nvlink_training_error{gpu_id="GPU_3",port_id="NVLink_15",port_protocol="NVLink",port_type="BidirectionalPort",system_id="HGX_Baseboard_0"} 0
redfish_gpu_nvlink_training_error{gpu_id="GPU_3",port_id="NVLink_16",port_protocol="NVLink",port_type="BidirectionalPort",system_id="HGX_Baseboard_0"} 0
redfish_gpu_nvlink_training_error{gpu_id="GPU_3",port_id="NVLink_17",port_protocol="NVLink",port_type="BidirectionalPort",system_id="HGX_Baseboard_0"} 0
redfish_gpu_nvlink_training_error{gpu_id="GPU_3",port_id="NVLink_2",port_protocol="NVLink",port_type="BidirectionalPort",system_id="HGX_Baseboard_0"} 0
redfish_gpu_nvlink_training_error{gpu_id="GPU_3",port_id="NVLink_3",port_protocol="NVLink",port_type="BidirectionalPort",system_id="HGX_Baseboard_0"} 0
redfish_gpu_nvlink_training_error{gpu_id="GPU_3",port_id="NVLink_4",port_protocol="NVLink",port_type="BidirectionalPort",system_id="HGX_Baseboard_0"} 0
redfish_gpu_nvlink_training_error{gpu_id="GPU_3",port_id="NVLink_5",port_protocol="NVLink",port_type="BidirectionalPort",system_id="HGX_Baseboard_0"} 0
redfish_gpu_nvlink_training_error{gpu_id="GPU_3",port_id="NVLink_6",port_protocol="NVLink",port_type="BidirectionalPort",system_id="HGX_Baseboard_0"} 0
redfish_gpu_nvlink_training_error{gpu_id="GPU_3",port_id="NVLink_7",port_protocol="NVLink",port_type="BidirectionalPort",system_id="HGX_Baseboard_0"} 0
redfish_gpu_nvlink_training_error{gpu_id="GPU_3",port_id="NVLink_8",port_protocol="NVLink",port_type="BidirectionalPort",system_id="HGX_Baseboard_0"} 0
redfish_gpu_nvlink_training_error{gpu_id="GPU_3",port_id="NVLink_9",port_protocol="NVLink",port_type="BidirectionalPort",system_id="HGX_Baseboard_0"} 0
